Component: ARM Compiler 5.06 update 7 (build 960) Tool: armlink [4d3601]

==============================================================================

Section Cross References

    startup_stm32h750xx.o(STACK) refers (Special) to heapauxi.o(.text) for __use_two_region_memory
    startup_stm32h750xx.o(HEAP) refers (Special) to heapauxi.o(.text) for __use_two_region_memory
    startup_stm32h750xx.o(RESET) refers (Special) to heapauxi.o(.text) for __use_two_region_memory
    startup_stm32h750xx.o(RESET) refers to startup_stm32h750xx.o(STACK) for __initial_sp
    startup_stm32h750xx.o(RESET) refers to startup_stm32h750xx.o(.text) for Reset_Handler
    startup_stm32h750xx.o(RESET) refers to stm32h7xx_it.o(i.NMI_Handler) for NMI_Handler
    startup_stm32h750xx.o(RESET) refers to stm32h7xx_it.o(i.HardFault_Handler) for HardFault_Handler
    startup_stm32h750xx.o(RESET) refers to stm32h7xx_it.o(i.MemManage_Handler) for MemManage_Handler
    startup_stm32h750xx.o(RESET) refers to stm32h7xx_it.o(i.BusFault_Handler) for BusFault_Handler
    startup_stm32h750xx.o(RESET) refers to stm32h7xx_it.o(i.UsageFault_Handler) for UsageFault_Handler
    startup_stm32h750xx.o(RESET) refers to port.o(.emb_text) for SVC_Handler
    startup_stm32h750xx.o(RESET) refers to stm32h7xx_it.o(i.DebugMon_Handler) for DebugMon_Handler
    startup_stm32h750xx.o(RESET) refers to cmsis_os2.o(i.SysTick_Handler) for SysTick_Handler
    startup_stm32h750xx.o(RESET) refers to stm32h7xx_it.o(i.DMA1_Stream1_IRQHandler) for DMA1_Stream1_IRQHandler
    startup_stm32h750xx.o(RESET) refers to stm32h7xx_it.o(i.DMA1_Stream2_IRQHandler) for DMA1_Stream2_IRQHandler
    startup_stm32h750xx.o(RESET) refers to stm32h7xx_it.o(i.DMA1_Stream3_IRQHandler) for DMA1_Stream3_IRQHandler
    startup_stm32h750xx.o(RESET) refers to stm32h7xx_it.o(i.DMA1_Stream4_IRQHandler) for DMA1_Stream4_IRQHandler
    startup_stm32h750xx.o(RESET) refers to stm32h7xx_it.o(i.DMA1_Stream5_IRQHandler) for DMA1_Stream5_IRQHandler
    startup_stm32h750xx.o(RESET) refers to stm32h7xx_it.o(i.DMA1_Stream6_IRQHandler) for DMA1_Stream6_IRQHandler
    startup_stm32h750xx.o(RESET) refers to stm32h7xx_it.o(i.TIM1_UP_IRQHandler) for TIM1_UP_IRQHandler
    startup_stm32h750xx.o(RESET) refers to stm32h7xx_it.o(i.TIM2_IRQHandler) for TIM2_IRQHandler
    startup_stm32h750xx.o(RESET) refers to stm32h7xx_it.o(i.TIM3_IRQHandler) for TIM3_IRQHandler
    startup_stm32h750xx.o(RESET) refers to stm32h7xx_it.o(i.TIM4_IRQHandler) for TIM4_IRQHandler
    startup_stm32h750xx.o(RESET) refers to stm32h7xx_it.o(i.EXTI15_10_IRQHandler) for EXTI15_10_IRQHandler
    startup_stm32h750xx.o(RESET) refers to stm32h7xx_it.o(i.TIM8_UP_TIM13_IRQHandler) for TIM8_UP_TIM13_IRQHandler
    startup_stm32h750xx.o(RESET) refers to stm32h7xx_it.o(i.DMA1_Stream7_IRQHandler) for DMA1_Stream7_IRQHandler
    startup_stm32h750xx.o(RESET) refers to stm32h7xx_it.o(i.TIM5_IRQHandler) for TIM5_IRQHandler
    startup_stm32h750xx.o(RESET) refers to stm32h7xx_it.o(i.TIM7_IRQHandler) for TIM7_IRQHandler
    startup_stm32h750xx.o(RESET) refers to stm32h7xx_it.o(i.TIM15_IRQHandler) for TIM15_IRQHandler
    startup_stm32h750xx.o(.text) refers (Special) to heapauxi.o(.text) for __use_two_region_memory
    startup_stm32h750xx.o(.text) refers to system_stm32h7xx.o(i.SystemInit) for SystemInit
    startup_stm32h750xx.o(.text) refers to __main.o(!!!main) for __main
    startup_stm32h750xx.o(.text) refers to startup_stm32h750xx.o(HEAP) for Heap_Mem
    startup_stm32h750xx.o(.text) refers to startup_stm32h750xx.o(STACK) for Stack_Mem
    i2c_lcd.o(i.CLCD_I2C_BlinkOff) refers to i2c_lcd.o(i.CLCD_WriteI2C) for CLCD_WriteI2C
    i2c_lcd.o(i.CLCD_I2C_BlinkOn) refers to i2c_lcd.o(i.CLCD_WriteI2C) for CLCD_WriteI2C
    i2c_lcd.o(i.CLCD_I2C_Clear) refers to i2c_lcd.o(i.CLCD_WriteI2C) for CLCD_WriteI2C
    i2c_lcd.o(i.CLCD_I2C_Clear) refers to cmsis_os2.o(i.osDelay) for osDelay
    i2c_lcd.o(i.CLCD_I2C_CursorOff) refers to i2c_lcd.o(i.CLCD_WriteI2C) for CLCD_WriteI2C
    i2c_lcd.o(i.CLCD_I2C_CursorOn) refers to i2c_lcd.o(i.CLCD_WriteI2C) for CLCD_WriteI2C
    i2c_lcd.o(i.CLCD_I2C_Init) refers to cmsis_os2.o(i.osDelay) for osDelay
    i2c_lcd.o(i.CLCD_I2C_Init) refers to i2c_lcd.o(i.CLCD_WriteI2C) for CLCD_WriteI2C
    i2c_lcd.o(i.CLCD_I2C_ReturnHome) refers to i2c_lcd.o(i.CLCD_WriteI2C) for CLCD_WriteI2C
    i2c_lcd.o(i.CLCD_I2C_ReturnHome) refers to cmsis_os2.o(i.osDelay) for osDelay
    i2c_lcd.o(i.CLCD_I2C_SetCursor) refers to i2c_lcd.o(i.CLCD_WriteI2C) for CLCD_WriteI2C
    i2c_lcd.o(i.CLCD_I2C_WriteChar) refers to i2c_lcd.o(i.CLCD_WriteI2C) for CLCD_WriteI2C
    i2c_lcd.o(i.CLCD_I2C_WriteString) refers to i2c_lcd.o(i.CLCD_I2C_WriteChar) for CLCD_I2C_WriteChar
    i2c_lcd.o(i.CLCD_WriteI2C) refers to cmsis_os2.o(i.osDelay) for osDelay
    i2c_lcd.o(i.CLCD_WriteI2C) refers to stm32h7xx_hal_i2c.o(i.HAL_I2C_Master_Transmit) for HAL_I2C_Master_Transmit
    i2c_lcd.o(i.lcd_gotoxy) refers to i2c_lcd.o(i.CLCD_I2C_SetCursor) for CLCD_I2C_SetCursor
[...]
    __hardfp_atan                            0x08008751   Thumb Code   402  atan.o(i.__hardfp_atan)
    __hardfp_atan2                           0x08008951   Thumb Code   392  atan2.o(i.__hardfp_atan2)
    __hardfp_cos                             0x08008b19   Thumb Code   158  cos.o(i.__hardfp_cos)
    __hardfp_fmod                            0x08008bc9   Thumb Code   246  fmod.o(i.__hardfp_fmod)
    __hardfp_pow                             0x08008cc9   Thumb Code  2140  pow.o(i.__hardfp_pow)
    __hardfp_sin                             0x080095c1   Thumb Code   158  sin.o(i.__hardfp_sin)
    __hardfp_sqrt                            0x08009671   Thumb Code   102  sqrt.o(i.__hardfp_sqrt)
    __ieee754_rem_pio2                       0x080096d9   Thumb Code   646  rred.o(i.__ieee754_rem_pio2)
    __kernel_cos                             0x080099e9   Thumb Code   182  cos_i.o(i.__kernel_cos)
    __kernel_poly                            0x08009ac9   Thumb Code   112  poly.o(i.__kernel_poly)
    __kernel_sin                             0x08009b39   Thumb Code   144  sin_i.o(i.__kernel_sin)
    __mathlib_dbl_divzero                    0x08009be1   Thumb Code    14  dunder.o(i.__mathlib_dbl_divzero)
    __mathlib_dbl_infnan                     0x08009c01   Thumb Code     6  dunder.o(i.__mathlib_dbl_infnan)
    __mathlib_dbl_infnan2                    0x08009c07   Thumb Code     6  dunder.o(i.__mathlib_dbl_infnan2)
    __mathlib_dbl_invalid                    0x08009c11   Thumb Code    10  dunder.o(i.__mathlib_dbl_invalid)
    __mathlib_dbl_overflow                   0x08009c29   Thumb Code    10  dunder.o(i.__mathlib_dbl_overflow)
    __mathlib_dbl_underflow                  0x08009c41   Thumb Code    10  dunder.o(i.__mathlib_dbl_underflow)
    _is_digit                                0x08009c59   Thumb Code    14  __printf_wp.o(i._is_digit)
    atan                                     0x08009c67   Thumb Code    16  atan.o(i.atan)
    banBanh                                  0x08009c79   Thumb Code   228  main.o(i.banBanh)
    banBanhPen                               0x08009d6d   Thumb Code    88  main.o(i.banBanhPen)
    calculate                                0x08009dd5   Thumb Code   198  main.o(i.calculate)
    calculateJoystickOutput                  0x08009ea1   Thumb Code    82  main.o(i.calculateJoystickOutput)
    chay3Banh                                0x08009f01   Thumb Code    10  main.o(i.chay3Banh)
    clampPWM                                 0x08009f11   Thumb Code    16  main.o(i.clampPWM)
    closestAngle                             0x08009f21   Thumb Code   104  main.o(i.closestAngle)
    controlMotorPID                          0x08009f8d   Thumb Code   114  main.o(i.controlMotorPID)
    controlMotorPen                          0x0800a009   Thumb Code    86  main.o(i.controlMotorPen)
    en_0hRo                                  0x0800a065   Thumb Code    14  main.o(i.en_0hRo)
    en_4hRo                                  0x0800a079   Thumb Code    14  main.o(i.en_4hRo)
    en_8hRo                                  0x0800a08d   Thumb Code    14  main.o(i.en_8hRo)
    en_Chay4h                                0x0800a0a1   Thumb Code    24  main.o(i.en_Chay4h)
    fabs                                     0x0800a0bd   Thumb Code    24  fabs.o(i.fabs)
    findSection                              0x0800a0d5   Thumb Code   112  3swervewheel.o(i.findSection)
    gamePad                                  0x0800a161   Thumb Code   608  main.o(i.gamePad)
    gamePadCoCau                             0x0800a3cd   Thumb Code   554  main.o(i.gamePadCoCau)
    gamePadpen                               0x0800a60d   Thumb Code    78  main.o(i.gamePadpen)
    get_Gamepad_Bluetouch                    0x0800a669   Thumb Code    58  main.o(i.get_Gamepad_Bluetouch)
    gioiHanTocDo                             0x0800a6a9   Thumb Code    24  3swervewheel.o(i.gioiHanTocDo)
    lcdViewer                                0x0800a6c5   Thumb Code  1398  main.o(i.lcdViewer)
    lcd_printBit                             0x0800ac4d   Thumb Code    16  i2c_lcd.o(i.lcd_printBit)
    lcd_printInt                             0x0800ac69   Thumb Code    38  i2c_lcd.o(i.lcd_printInt)
    lcd_printStr                             0x0800ac9d   Thumb Code    26  i2c_lcd.o(i.lcd_printStr)
    main                                     0x0800acbd   Thumb Code   508  main.o(i.main)
    map                                      0x0800aefd   Thumb Code    20  main.o(i.map)
    modulo                                   0x0800af11   Thumb Code    18  main.o(i.modulo)
    motor0hRo                                0x0800af25   Thumb Code    32  main.o(i.motor0hRo)
    motor4hRo                                0x0800af49   Thumb Code    32  main.o(i.motor4hRo)
    motor8hRo                                0x0800af6d   Thumb Code    32  main.o(i.motor8hRo)
    nhanBanh                                 0x0800af91   Thumb Code   178  main.o(i.nhanBanh)
    nhanBanhPen                              0x0800b051   Thumb Code   414  main.o(i.nhanBanhPen)
    osDelay                                  0x0800b201   Thumb Code    28  cmsis_os2.o(i.osDelay)
    osKernelInitialize                       0x0800b21d   Thumb Code    32  cmsis_os2.o(i.osKernelInitialize)
    osKernelStart                            0x0800b241   Thumb Code    48  cmsis_os2.o(i.osKernelStart)
    osThreadNew                              0x0800b279   Thumb Code   144  cmsis_os2.o(i.osThreadNew)
    putchar4                                 0x0800baa1   Thumb Code    18  ala_config.o(i.putchar4)
    pvPortMalloc                             0x0800bab9   Thumb Code   216  heap_4.o(i.pvPortMalloc)
    pxPortInitialiseStack                    0x0800bb95   Thumb Code    42  port.o(i.pxPortInitialiseStack)
    quayGoc0h                                0x0800bbc5   Thumb Code   154  main.o(i.quayGoc0h)
    quayGoc3Banh                             0x0800bc75   Thumb Code    26  main.o(i.quayGoc3Banh)
    quayGoc4h                                0x0800bc91   Thumb Code   150  main.o(i.quayGoc4h)
    quayGoc8h                                0x0800bd3d   Thumb Code   150  main.o(i.quayGoc8h)
    quyDoiEncoder                            0x0800bde9   Thumb Code    26  main.o(i.quyDoiEncoder)
    robotAngle                               0x0800be0d   Thumb Code    10  3swervewheel.o(i.robotAngle)
    robotRun                                 0x0800be1d   Thumb Code   260  3swervewheel.o(i.robotRun)
    robotStop                                0x0800bf3d   Thumb Code   202  3swervewheel.o(i.robotStop)
    robot_rotate                             0x0800c025   Thumb Code    44  3swervewheel.o(i.robot_rotate)
    runAngle                                 0x0800c059   Thumb Code    42  3swervewheel.o(i.runAngle)
    runSnake                                 0x0800c08d   Thumb Code    54  3swervewheel.o(i.runSnake)
    run_read_gyro_uart4                      0x0800c0c9   Thumb Code    46  ala_config.o(i.run_read_gyro_uart4)
    sendData_Gamepad_Grygo                   0x0800c0f7   Thumb Code     6  ala_config.o(i.sendData_Gamepad_Grygo)
    setDirection0h                           0x0800c0fd   Thumb Code   126  main.o(i.setDirection0h)
    setDirection4h                           0x0800c181   Thumb Code   126  main.o(i.setDirection4h)
    setDirection8h                           0x0800c205   Thumb Code   126  main.o(i.setDirection8h)
    setmamXoay                               0x0800c289   Thumb Code    48  main.o(i.setmamXoay)
    signum                                   0x0800c2bd   Thumb Code    38  main.o(i.signum)
    sqrt                                     0x0800c2e9   Thumb Code   106  sqrt.o(i.sqrt)
    tinhToanGoc                              0x0800c355   Thumb Code   576  3swervewheel.o(i.tinhToanGoc)
    update_encoder_value                     0x0800c5b1   Thumb Code   242  main.o(i.update_encoder_value)
    update_speed                             0x0800c6bd   Thumb Code    80  3swervewheel.o(i.update_speed)
    uxListRemove                             0x0800c711   Thumb Code    38  list.o(i.uxListRemove)
    vApplicationGetIdleTaskMemory            0x0800c739   Thumb Code    18  cmsis_os2.o(i.vApplicationGetIdleTaskMemory)
    vApplicationGetTimerTaskMemory           0x0800c751   Thumb Code    20  cmsis_os2.o(i.vApplicationGetTimerTaskMemory)
    vListInitialise                          0x0800c769   Thumb Code    22  list.o(i.vListInitialise)
    vListInitialiseItem                      0x0800c77f   Thumb Code     6  list.o(i.vListInitialiseItem)
    vListInsert                              0x0800c785   Thumb Code    48  list.o(i.vListInsert)
    vListInsertEnd                           0x0800c7b5   Thumb Code    24  list.o(i.vListInsertEnd)
    vPortEnterCritical                       0x0800c7cd   Thumb Code    54  port.o(i.vPortEnterCritical)
    vPortExitCritical                        0x0800c80d   Thumb Code    34  port.o(i.vPortExitCritical)
    vPortFree                                0x0800c835   Thumb Code    94  heap_4.o(i.vPortFree)
    vPortSetupTimerInterrupt                 0x0800c899   Thumb Code    32  port.o(i.vPortSetupTimerInterrupt)
    vPortValidateInterruptPriority           0x0800c8bd   Thumb Code    74  port.o(i.vPortValidateInterruptPriority)
    vQueueAddToRegistry                      0x0800c911   Thumb Code    34  queue.o(i.vQueueAddToRegistry)
    vQueueWaitForMessageRestricted           0x0800c939   Thumb Code    68  queue.o(i.vQueueWaitForMessageRestricted)
    vTaskDelay                               0x0800c97d   Thumb Code    66  tasks.o(i.vTaskDelay)
    vTaskInternalSetTimeOutState             0x0800c9c9   Thumb Code    12  tasks.o(i.vTaskInternalSetTimeOutState)
    vTaskMissedYield                         0x0800c9d9   Thumb Code     8  tasks.o(i.vTaskMissedYield)
    vTaskPlaceOnEventList                    0x0800c9e5   Thumb Code    44  tasks.o(i.vTaskPlaceOnEventList)
    vTaskPlaceOnEventListRestricted          0x0800ca15   Thumb Code    52  tasks.o(i.vTaskPlaceOnEventListRestricted)
    vTaskStartScheduler                      0x0800ca4d   Thumb Code   118  tasks.o(i.vTaskStartScheduler)
    vTaskSuspendAll                          0x0800cad5   Thumb Code    10  tasks.o(i.vTaskSuspendAll)
    vTaskSwitchContext                       0x0800cae5   Thumb Code    90  tasks.o(i.vTaskSwitchContext)
    veHome                                   0x0800cb49   Thumb Code   512  main.o(i.veHome)
    vehomeNapBanh                            0x0800cd61   Thumb Code    80  main.o(i.vehomeNapBanh)
    xPortStartScheduler                      0x0800cdc1   Thumb Code   222  port.o(i.xPortStartScheduler)
    xPortSysTickHandler                      0x0800ceb5   Thumb Code    38  port.o(i.xPortSysTickHandler)
    xQueueGenericCreateStatic                0x0800cee1   Thumb Code   102  queue.o(i.xQueueGenericCreateStatic)
    xQueueGenericReset                       0x0800cf49   Thumb Code   144  queue.o(i.xQueueGenericReset)
    xQueueGenericSend                        0x0800cfdd   Thumb Code   346  queue.o(i.xQueueGenericSend)
    xQueueGenericSendFromISR                 0x0800d13d   Thumb Code   190  queue.o(i.xQueueGenericSendFromISR)
    xQueueReceive                            0x0800d1fd   Thumb Code   310  queue.o(i.xQueueReceive)
    xTaskCheckForTimeOut                     0x0800d339   Thumb Code   116  tasks.o(i.xTaskCheckForTimeOut)
    xTaskCreate                              0x0800d3b1   Thumb Code    90  tasks.o(i.xTaskCreate)
    xTaskCreateStatic                        0x0800d40b   Thumb Code    86  tasks.o(i.xTaskCreateStatic)
    xTaskGetSchedulerState                   0x0800d461   Thumb Code    22  tasks.o(i.xTaskGetSchedulerState)
    xTaskGetTickCount                        0x0800d47d   Thumb Code     6  tasks.o(i.xTaskGetTickCount)
    xTaskIncrementTick                       0x0800d489   Thumb Code   192  tasks.o(i.xTaskIncrementTick)
    xTaskPriorityDisinherit                  0x0800d551   Thumb Code   116  tasks.o(i.xTaskPriorityDisinherit)
    xTaskRemoveFromEventList                 0x0800d5cd   Thumb Code   100  tasks.o(i.xTaskRemoveFromEventList)
    xTaskResumeAll                           0x0800d63d   Thumb Code   184  tasks.o(i.xTaskResumeAll)
    xTimerCreateTimerTask                    0x0800d701   Thumb Code    78  timers.o(i.xTimerCreateTimerTask)
    xTimerGenericCommand                     0x0800d761   Thumb Code    98  timers.o(i.xTimerGenericCommand)
    xoayGocBanBanh                           0x0800d7c9   Thumb Code   156  main.o(i.xoayGocBanBanh)
    xoayGocReBanh                            0x0800d871   Thumb Code   140  main.o(i.xoayGocReBanh)
    __fpl_dcheck_NaN1                        0x0800d909   Thumb Code    10  dcheck1.o(x$fpl$dcheck1)
    __fpl_dnaninf                            0x0800d919   Thumb Code   156  dnaninf.o(x$fpl$dnaninf)
    _drem                                    0x0800d9b5   Thumb Code   328  drem_clz.o(x$fpl$drem)
    _fp_init                                 0x0800db05   Thumb Code    10  fpinit.o(x$fpl$fpinit)
    __fplib_config_fpu_vfp                   0x0800db0d   Thumb Code     0  fpinit.o(x$fpl$fpinit)
    __fplib_config_pureend_doubles           0x0800db0d   Thumb Code     0  fpinit.o(x$fpl$fpinit)
    __fpl_return_NaN                         0x0800db0f   Thumb Code   100  retnan.o(x$fpl$retnan)
    __ARM_scalbn                             0x0800db73   Thumb Code    92  scalbn.o(x$fpl$scalbn)
    __fpl_cmpreturn                          0x0800dbcf   Thumb Code    48  trapv.o(x$fpl$trapveneer)
    __I$use$fp                               0x0800dbfe   Number         0  usenofp.o(x$fpl$usenofp)
    mainTask_attributes                      0x0800dc00   Data          36  main.o(.constdata)
    sensorTask02_attributes                  0x0800dc24   Data          36  main.o(.constdata)
    swerveTask03_attributes                  0x0800dc48   Data          36  main.o(.constdata)
    ADCTask04_attributes                     0x0800dc6c   Data          36  main.o(.constdata)
    LCDTask05_attributes                     0x0800dc90   Data          36  main.o(.constdata)
    ServoTask06_attributes                   0x0800dcb4   Data          36  main.o(.constdata)
    UARTPrescTable                           0x0800dd38   Data          24  stm32h7xx_hal_uart.o(.constdata)
    D1CorePrescTable                         0x0800dd60   Data          16  system_stm32h7xx.o(.constdata)
    __mathlib_zero                           0x0800ded8   Data           8  qnan.o(.constdata)
    Region$$Table$$Base                      0x0800e020   Number         0  anon$$obj.o(Region$$Table)
    Region$$Table$$Limit                     0x0800e040   Number         0  anon$$obj.o(Region$$Table)
    motorData                                0x24000000   Data          80  ala_config.o(.data)
    num_over_t1                              0x24000050   Data           4  ala_config.o(.data)
    num_over_t2                              0x24000054   Data           4  ala_config.o(.data)
    num_over_t3                              0x24000058   Data           4  ala_config.o(.data)
    num_over_t4                              0x2400005c   Data           4  ala_config.o(.data)
    num_over_t5                              0x24000060   Data           4  ala_config.o(.data)
    num_over_t8                              0x24000064   Data           4  ala_config.o(.data)
    num_over_t_Ex_Can1                       0x24000068   Data           4  ala_config.o(.data)
    num_over_t_Ex_Can2                       0x2400006c   Data           4  ala_config.o(.data)
    dirStopRobot                             0x24000074   Data           4  3swervewheel.o(.data)
    part                                     0x24000078   Data           4  3swervewheel.o(.data)
    _0hRO                                    0x2400007c   Data           4  3swervewheel.o(.data)
    _4hRO                                    0x24000080   Data           4  3swervewheel.o(.data)
    _8hRO                                    0x24000084   Data           4  3swervewheel.o(.data)
    _0h                                      0x24000088   Data           4  3swervewheel.o(.data)
    _4h                                      0x2400008c   Data           4  3swervewheel.o(.data)
    _8h                                      0x24000090   Data           4  3swervewheel.o(.data)
    _robotChange                             0x24000094   Data           4  3swervewheel.o(.data)
    IMURobotRun                              0x24000098   Data           4  3swervewheel.o(.data)
    chenhLechTocDo                           0x2400009c   Data           4  3swervewheel.o(.data)
    TARGET_SPEED                             0x240000a0   Data           4  3swervewheel.o(.data)
    currentSpeed                             0x240000a4   Data           4  3swervewheel.o(.data)
    deviation_angle                          0x240000a8   Data           4  3swervewheel.o(.data)
    V0hx                                     0x240000ac   Data           4  3swervewheel.o(.data)
    V0hy                                     0x240000b0   Data           4  3swervewheel.o(.data)
    V4hx                                     0x240000b4   Data           4  3swervewheel.o(.data)
    V4hy                                     0x240000b8   Data           4  3swervewheel.o(.data)
    V8hx                                     0x240000bc   Data           4  3swervewheel.o(.data)
    V8hy                                     0x240000c0   Data           4  3swervewheel.o(.data)
    speed0h                                  0x240000c4   Data           4  3swervewheel.o(.data)
    speed4h                                  0x240000c8   Data           4  3swervewheel.o(.data)
    speed8h                                  0x240000cc   Data           4  3swervewheel.o(.data)
    angle0h                                  0x240000d0   Data           4  3swervewheel.o(.data)
    angle4h                                  0x240000d4   Data           4  3swervewheel.o(.data)
    angle8h                                  0x240000d8   Data           4  3swervewheel.o(.data)
    pidRunStraight                           0x240000dc   Data           8  3swervewheel.o(.data)
    bit_veHome                               0x240000e4   Data           1  main.o(.data)
    bit_banBanh                              0x240000e5   Data           1  main.o(.data)
    bit_Napbanh                              0x240000e6   Data           1  main.o(.data)
    bit_nangNong                             0x240000e7   Data           1  main.o(.data)
    bit_gocBan                               0x240000e8   Data           1  main.o(.data)
    ena_vitme                                0x240000e9   Data           1  main.o(.data)
    modeLCD_Show                             0x240000ea   Data           1  main.o(.data)
    encoder_count_T1                         0x240000ee   Data           2  main.o(.data)
    encoder_count_T2                         0x240000f0   Data           2  main.o(.data)
    encoder_count_T3                         0x240000f2   Data           2  main.o(.data)
    encoder_count_T4                         0x240000f4   Data           2  main.o(.data)
    encoder_count_T5                         0x240000f6   Data           2  main.o(.data)
    encoder_count_T8                         0x240000f8   Data           2  main.o(.data)
    prev_encoder_count_T1                    0x240000fa   Data           2  main.o(.data)
    prev_encoder_count_T2                    0x240000fc   Data           2  main.o(.data)
    prev_encoder_count_T3                    0x240000fe   Data           2  main.o(.data)
    prev_encoder_count_T4                    0x24000100   Data           2  main.o(.data)
    prev_encoder_count_T5                    0x24000102   Data           2  main.o(.data)
    prev_encoder_count_T8                    0x24000104   Data           2  main.o(.data)
    UWB                                      0x24000106   Data           2  main.o(.data)
    GocUWB                                   0x24000108   Data           2  main.o(.data)
    doiGocXoay                               0x2400010c   Data           4  main.o(.data)
    gocBuTruXoay                             0x24000110   Data           4  main.o(.data)
    bienDem_Encoder                          0x24000114   Data           4  main.o(.data)
    bit_giuNong                              0x24000118   Data           4  main.o(.data)
    Lucbantest                               0x2400011c   Data           4  main.o(.data)
    speedXoayNang                            0x24000120   Data           4  main.o(.data)
    Bit_lazer                                0x24000124   Data           4  main.o(.data)
    speedXoay                                0x24000128   Data           4  main.o(.data)
    doigoc                                   0x2400012c   Data           4  main.o(.data)
    tocCham                                  0x24000130   Data           4  main.o(.data)
    speed                                    0x24000134   Data           4  main.o(.data)
    errorBienTro                             0x24000138   Data           4  main.o(.data)
    errorGocXoay                             0x2400013c   Data           4  main.o(.data)
    gocRe                                    0x24000140   Data           4  main.o(.data)
    _gocMX                                   0x24000144   Data           4  main.o(.data)
    gocBan2Diem                              0x24000148   Data           4  main.o(.data)
    gocChuyenGan                             0x2400014c   Data           4  main.o(.data)
    gocChuyenXa                              0x24000150   Data           4  main.o(.data)
    gocPen                                   0x24000154   Data           4  main.o(.data)
    gocBan3Diem                              0x24000158   Data           4  main.o(.data)
    speedGocQuay0h                           0x2400015c   Data           4  main.o(.data)
    erGocQuay0h                              0x24000160   Data           4  main.o(.data)
    lasterGocQuay0h                          0x24000164   Data           4  main.o(.data)
    KdGocQuay0h                              0x24000168   Data           4  main.o(.data)
    KiGocQuay0h                              0x2400016c   Data           4  main.o(.data)
    KpGocQuay0h                              0x24000170   Data           4  main.o(.data)
    speedGocQuay3h                           0x24000174   Data           4  main.o(.data)
    erGocQuay3h                              0x24000178   Data           4  main.o(.data)
    lastErGocQuay3h                          0x2400017c   Data           4  main.o(.data)
    KdGocQuay3h                              0x24000180   Data           4  main.o(.data)
    KiGocQuay3h                              0x24000184   Data           4  main.o(.data)
    KpGocQuay3h                              0x24000188   Data           4  main.o(.data)
    speedGocQuay6h                           0x2400018c   Data           4  main.o(.data)
    erGocQuay6h                              0x24000190   Data           4  main.o(.data)
    lastErGocQuay6h                          0x24000194   Data           4  main.o(.data)
    KdGocQuay6h                              0x24000198   Data           4  main.o(.data)
    KiGocQuay6h                              0x2400019c   Data           4  main.o(.data)
    KpGocQuay6h                              0x240001a0   Data           4  main.o(.data)
    speedGocQuay9h                           0x240001a4   Data           4  main.o(.data)
    erGocQuay9h                              0x240001a8   Data           4  main.o(.data)
    lastErGocQuay9h                          0x240001ac   Data           4  main.o(.data)
    KdGocQuay9h                              0x240001b0   Data           4  main.o(.data)
    KiGocQuay9h                              0x240001b4   Data           4  main.o(.data)
    KpGocQuay9h                              0x240001b8   Data           4  main.o(.data)
    angle                                    0x240001bc   Data           4  main.o(.data)
    magnitude                                0x240001c0   Data           4  main.o(.data)
    encoder_value_T1                         0x240001c4   Data           4  main.o(.data)
    encoder_value_T2                         0x240001c8   Data           4  main.o(.data)
    encoder_value_T3                         0x240001cc   Data           4  main.o(.data)
    encoder_value_T4                         0x240001d0   Data           4  main.o(.data)
    encoder_value_T5                         0x240001d4   Data           4  main.o(.data)
    encoder_value_T8                         0x240001d8   Data           4  main.o(.data)
    lazer_KhoangCach                         0x240001dc   Data           4  main.o(.data)
    bienTroNongBan                           0x240001e0   Data           4  main.o(.data)
    lastUWB                                  0x240001e4   Data           4  main.o(.data)
    currentUWB                               0x240001e8   Data           4  main.o(.data)
    countUWB                                 0x240001ec   Data           4  main.o(.data)
    lazerTrai                                0x240001f0   Data           4  main.o(.data)
    lazerPhai                                0x240001f4   Data           4  main.o(.data)
    LucBan                                   0x240001f8   Data           4  main.o(.data)
    KC                                       0x240001fc   Data           4  main.o(.data)
    RC_1                                     0x24000200   Data           4  main.o(.data)
    RC_2                                     0x24000204   Data           4  main.o(.data)
    mainTaskHandle                           0x24000214   Data           4  main.o(.data)
    sensorTask02Handle                       0x24000218   Data           4  main.o(.data)
    swerveTask03Handle                       0x2400021c   Data           4  main.o(.data)
    ADCTask04Handle                          0x24000220   Data           4  main.o(.data)
    LCDTask05Handle                          0x24000224   Data           4  main.o(.data)
    ServoTask06Handle                        0x24000228   Data           4  main.o(.data)
    RX_UART5                                 0x2400022c   Data           6  main.o(.data)
    MANG_GAME                                0x24000232   Data           8  main.o(.data)
    IMU                                      0x2400023a   Data           2  main.o(.data)
    uwTickFreq                               0x24000240   Data           1  stm32h7xx_hal.o(.data)
    uwTickPrio                               0x24000244   Data           4  stm32h7xx_hal.o(.data)
    uwTick                                   0x24000248   Data           4  stm32h7xx_hal.o(.data)
    SystemCoreClock                          0x2400024c   Data           4  system_stm32h7xx.o(.data)
    SystemD2Clock                            0x24000250   Data           4  system_stm32h7xx.o(.data)
    pxCurrentTCB                             0x24000254   Data           4  tasks.o(.data)
    LCD1                                     0x240002d4   Data          12  i2c_lcd.o(.bss)
    GP_BTN                                   0x240002e0   Data          10  main.o(.bss)
    _ADC                                     0x240002ec   Data          44  main.o(.bss)
    _ADC_SUM                                 0x24000318   Data          44  main.o(.bss)
    RX_UART2                                 0x24000344   Data          10  main.o(.bss)
    RX_UART4                                 0x2400034e   Data          10  main.o(.bss)
    adc_data                                 0x24000358   Data          22  main.o(.bss)
    hadc1                                    0x24000370   Data         100  main.o(.bss)
    hi2c1                                    0x240003d4   Data          84  main.o(.bss)
    hi2c2                                    0x24000428   Data          84  main.o(.bss)
    hspi4                                    0x2400047c   Data         136  main.o(.bss)
    htim1                                    0x24000504   Data          76  main.o(.bss)
    htim2                                    0x24000550   Data          76  main.o(.bss)
    htim3                                    0x2400059c   Data          76  main.o(.bss)
    htim4                                    0x240005e8   Data          76  main.o(.bss)
    htim5                                    0x24000634   Data          76  main.o(.bss)
    htim8                                    0x24000680   Data          76  main.o(.bss)
    htim12                                   0x240006cc   Data          76  main.o(.bss)
    htim15                                   0x24000718   Data          76  main.o(.bss)
    htim16                                   0x24000764   Data          76  main.o(.bss)
    huart4                                   0x240007b0   Data         148  main.o(.bss)
    huart5                                   0x24000844   Data         148  main.o(.bss)
    huart7                                   0x240008d8   Data         148  main.o(.bss)
    huart8                                   0x2400096c   Data         148  main.o(.bss)
    huart1                                   0x24000a00   Data         148  main.o(.bss)
    huart2                                   0x24000a94   Data         148  main.o(.bss)
    huart3                                   0x24000b28   Data         148  main.o(.bss)
    hdma_adc1                                0x24000bbc   Data         120  main.o(.bss)
    hdma_uart4_rx                            0x24000c34   Data         120  main.o(.bss)
    hdma_uart5_rx                            0x24000cac   Data         120  main.o(.bss)
    hdma_uart7_rx                            0x24000d24   Data         120  main.o(.bss)
    hdma_uart8_rx                            0x24000d9c   Data         120  main.o(.bss)
    hdma_usart1_tx                           0x24000e14   Data         120  main.o(.bss)
    hdma_usart2_rx                           0x24000e8c   Data         120  main.o(.bss)
    hdma_usart3_rx                           0x24000f04   Data         120  main.o(.bss)
    htim7                                    0x24000f7c   Data          76  stm32h7xx_hal_timebase_tim.o(.bss)
    xQueueRegistry                           0x24000fc8   Data          64  queue.o(.bss)
    __libspace_start                         0x2400589c   Data          96  libspace.o(.bss)
    __temporary_stack_top$libspace           0x240058fc   Data           0  libspace.o(.bss)



==============================================================================

Memory Map of the image

  Image Entry point : 0x08000299

  Load Region LR_IROM1 (Base: 0x08000000, Size: 0x0000e314, Max: 0x00020000, ABSOLUTE, COMPRESSED[0x0000e0b4])

    Execution Region ER_IROM1 (Exec base: 0x08000000, Load base: 0x08000000, Size: 0x0000e040, Max: 0x00020000, ABSOLUTE)

    Exec Addr    Load Addr    Size         Type   Attr      Idx    E Section Name        Object

    0x08000000   0x08000000   0x00000298   Data   RO            3    RESET               startup_stm32h750xx.o
    0x08000298   0x08000298   0x00000008   Code   RO         1421  * !!!main             c_w.l(__main.o)
    0x080002a0   0x080002a0   0x00000034   Code   RO         1663    !!!scatter          c_w.l(__scatter.o)
    0x080002d4   0x080002d4   0x0000003a   Code   RO         1662    !!dczerorl          c_w.l(__dczerorl.o)
    0x0800030e   0x0800030e   0x00000002   PAD
    0x08000310   0x08000310   0x0000001c   Code   RO         1664    !!handler_zi        c_w.l(__scatter_zi.o)
    0x0800032c   0x0800032c   0x00000000   Code   RO         1414    .ARM.Collect$$_printf_percent$$00000000  c_w.l(_printf_percent.o)
    0x0800032c   0x0800032c   0x00000006   Code   RO         1412    .ARM.Collect$$_printf_percent$$00000008  c_w.l(_printf_i.o)
    0x08000332   0x08000332   0x00000004   Code   RO         1469    .ARM.Collect$$_printf_percent$$00000017  c_w.l(_printf_percent_end.o)
    0x08000336   0x08000336   0x00000002   Code   RO         1557    .ARM.Collect$$libinit$$00000000  c_w.l(libinit.o)
    0x08000338   0x08000338   0x00000004   Code   RO         1558    .ARM.Collect$$libinit$$00000001  c_w.l(libinit2.o)
    0x0800033c   0x0800033c   0x00000000   Code   RO         1561    .ARM.Collect$$libinit$$00000004  c_w.l(libinit2.o)
    0x0800033c   0x0800033c   0x00000000   Code   RO         1564    .ARM.Collect$$libinit$$0000000A  c_w.l(libinit2.o)
    0x0800033c   0x0800033c   0x00000000   Code   RO         1566    .ARM.Collect$$libinit$$0000000C  c_w.l(libinit2.o)
    0x0800033c   0x0800033c   0x00000000   Code   RO         1568    .ARM.Collect$$libinit$$0000000E  c_w.l(libinit2.o)
    0x0800033c   0x0800033c   0x00000000   Code   RO         1571    .ARM.Collect$$libinit$$00000011  c_w.l(libinit2.o)
    0x0800033c   0x0800033c   0x00000000   Code   RO         1573    .ARM.Collect$$libinit$$00000013  c_w.l(libinit2.o)
    0x0800033c   0x0800033c   0x00000000   Code   RO         1575    .ARM.Collect$$libinit$$00000015  c_w.l(libinit2.o)
    0x0800033c   0x0800033c   0x00000000   Code   RO         1577    .ARM.Collect$$libinit$$00000017  c_w.l(libinit2.o)
    0x0800033c   0x0800033c   0x00000000   Code   RO         1579    .ARM.Collect$$libinit$$00000019  c_w.l(libinit2.o)
    0x0800033c   0x0800033c   0x00000000   Code   RO         1581    .ARM.Collect$$libinit$$0000001B  c_w.l(libinit2.o)
    0x0800033c   0x0800033c   0x00000000   Code   RO         1583    .ARM.Collect$$libinit$$0000001D  c_w.l(libinit2.o)
    0x0800033c   0x0800033c   0x00000000   Code   RO         1585    .ARM.Collect$$libinit$$0000001F  c_w.l(libinit2.o)
    0x0800033c   0x0800033c   0x00000000   Code   RO         1587    .ARM.Collect$$libinit$$00000021  c_w.l(libinit2.o)
    0x0800033c   0x0800033c   0x00000000   Code   RO         1589    .ARM.Collect$$libinit$$00000023  c_w.l(libinit2.o)
    0x0800033c   0x0800033c   0x00000000   Code   RO         1591    .ARM.Collect$$libinit$$00000025  c_w.l(libinit2.o)
    0x0800033c   0x0800033c   0x00000000   Code   RO         1595    .ARM.Collect$$libinit$$0000002C  c_w.l(libinit2.o)
    0x0800033c   0x0800033c   0x00000000   Code   RO         1597    .ARM.Collect$$libinit$$0000002E  c_w.l(libinit2.o)
    0x0800033c   0x0800033c   0x00000000   Code   RO         1599    .ARM.Collect$$libinit$$00000030  c_w.l(libinit2.o)
    0x0800033c   0x0800033c   0x00000000   Code   RO         1601    .ARM.Collect$$libinit$$00000032  c_w.l(libinit2.o)
    0x0800033c   0x0800033c   0x00000002   Code   RO         1602    .ARM.Collect$$libinit$$00000033  c_w.l(libinit2.o)
    0x0800033e   0x0800033e   0x00000002   Code   RO         1633    .ARM.Collect$$libshutdown$$00000000  c_w.l(libshutdown.o)
    0x08000340   0x08000340   0x00000000   Code   RO         1643    .ARM.Collect$$libshutdown$$00000002  c_w.l(libshutdown2.o)
    0x08000340   0x08000340   0x00000000   Code   RO         1645    .ARM.Collect$$libshutdown$$00000004  c_w.l(libshutdown2.o)
    0x08000340   0x08000340   0x00000000   Code   RO         1647    .ARM.Collect$$libshutdown$$00000006  c_w.l(libshutdown2.o)
    0x08000340   0x08000340   0x00000000   Code   RO         1650    .ARM.Collect$$libshutdown$$00000009  c_w.l(libshutdown2.o)
    0x08000340   0x08000340   0x00000000   Code   RO         1653    .ARM.Collect$$libshutdown$$0000000C  c_w.l(libshutdown2.o)
    0x08000340   0x08000340   0x00000000   Code   RO         1655    .ARM.Collect$$libshutdown$$0000000E  c_w.l(libshutdown2.o)
    0x08000340   0x08000340   0x00000000   Code   RO         1658    .ARM.Collect$$libshutdown$$00000011  c_w.l(libshutdown2.o)
    0x08000340   0x08000340   0x00000002   Code   RO         1659    .ARM.Collect$$libshutdown$$00000012  c_w.l(libshutdown2.o)
    0x08000342   0x08000342   0x00000000   Code   RO         1461    .ARM.Collect$$rtentry$$00000000  c_w.l(__rtentry.o)
    0x08000342   0x08000342   0x00000000   Code   RO         1505    .ARM.Collect$$rtentry$$00000002  c_w.l(__rtentry2.o)
    0x08000342   0x08000342   0x00000006   Code   RO         1517    .ARM.Collect$$rtentry$$00000004  c_w.l(__rtentry4.o)
    0x08000348   0x08000348   0x00000000   Code   RO         1507    .ARM.Collect$$rtentry$$00000009  c_w.l(__rtentry2.o)
    0x08000348   0x08000348   0x00000004   Code   RO         1508    .ARM.Collect$$rtentry$$0000000A  c_w.l(__rtentry2.o)
    0x0800034c   0x0800034c   0x00000000   Code   RO         1510    .ARM.Collect$$rtentry$$0000000C  c_w.l(__rtentry2.o)
    0x0800034c   0x0800034c   0x00000008   Code   RO         1511    .ARM.Collect$$rtentry$$0000000D  c_w.l(__rtentry2.o)
    0x08000354   0x08000354   0x00000002   Code   RO         1604    .ARM.Collect$$rtexit$$00000000  c_w.l(rtexit.o)
    0x08000356   0x08000356   0x00000000   Code   RO         1614    .ARM.Collect$$rtexit$$00000002  c_w.l(rtexit2.o)
    0x08000356   0x08000356   0x00000004   Code   RO         1615    .ARM.Collect$$rtexit$$00000003  c_w.l(rtexit2.o)
    0x0800035a   0x0800035a   0x00000006   Code   RO         1616    .ARM.Collect$$rtexit$$00000004  c_w.l(rtexit2.o)
    0x08000360   0x08000360   0x000000be   Code   RO         1381    .emb_text           port.o
    0x0800041e   0x0800041e   0x00000002   PAD
    0x08000420   0x08000420   0x00000040   Code   RO            4    .text               startup_stm32h750xx.o
    0x08000460   0x08000460   0x000000ee   Code   RO         1394    .text               c_w.l(lludivv7m.o)
    0x0800054e   0x0800054e   0x00000002   PAD
    0x08000550   0x08000550   0x00000028   Code   RO         1396    .text               c_w.l(noretval__2sprintf.o)
    0x08000578   0x08000578   0x00000078   Code   RO         1398    .text               c_w.l(_printf_dec.o)
    0x080005f0   0x080005f0   0x00000138   Code   RO         1407    .text               c_w.l(__printf_flags_wp.o)
    0x08000728   0x08000728   0x0000008a   Code   RO         1415    .text               c_w.l(rt_memcpy_v6.o)
    0x080007b2   0x080007b2   0x00000064   Code   RO         1416    .text               c_w.l(rt_memcpy_w.o)
    0x08000816   0x08000816   0x00000010   Code   RO         1418    .text               c_w.l(aeabi_memset.o)
    0x08000826   0x08000826   0x0000004e   Code   RO         1419    .text               c_w.l(rt_memclr_w.o)
    0x08000874   0x08000874   0x00000006   Code   RO         1420    .text               c_w.l(heapauxi.o)
    0x0800087a   0x0800087a   0x00000016   Code   RO         1464    .text               c_w.l(_rserrno.o)
    0x08000890   0x08000890   0x000000b2   Code   RO         1465    .text               c_w.l(_printf_intcommon.o)
    0x08000942   0x08000942   0x00000002   PAD
    0x08000944   0x08000944   0x00000030   Code   RO         1467    .text               c_w.l(_printf_char_common.o)
    0x08000974   0x08000974   0x0000000a   Code   RO         1468    .text               c_w.l(_sputc.o)
    0x0800097e   0x0800097e   0x00000044   Code   RO         1470    .text               c_w.l(rt_memclr.o)
    0x080009c2   0x080009c2   0x00000002   PAD
    0x080009c4   0x080009c4   0x00000008   Code   RO         1525    .text               c_w.l(rt_errno_addr_intlibspace.o)
    0x080009cc   0x080009cc   0x00000008   Code   RO         1547    .text               c_w.l(libspace.o)
    0x080009d4   0x080009d4   0x0000004a   Code   RO         1549    .text               c_w.l(sys_stackheap_outer.o)
    0x08000a1e   0x08000a1e   0x00000012   Code   RO         1550    .text               c_w.l(exit.o)
    0x08000a30   0x08000a30   0x0000000c   Code   RO         1612    .text               c_w.l(sys_exit.o)
    0x08000a3c   0x08000a3c   0x00000002   Code   RO         1626    .text               c_w.l(use_no_semi.o)
    0x08000a3e   0x08000a3e   0x00000000   Code   RO         1627    .text               c_w.l(indicate_semi.o)
    0x08000a3e   0x08000a3e   0x00000002   PAD
    0x08000a40   0x08000a40   0x00000060   Code   RO           78    i.ADCValue_Control  main.o
    0x08000aa0   0x08000aa0   0x00000108   Code   RO          479    i.ADC_ConfigureBoostMode  stm32h7xx_hal_adc.o
    0x08000ba8   0x08000ba8   0x00000068   Code   RO          481    i.ADC_DMAConvCplt   stm32h7xx_hal_adc.o
    0x08000c10   0x08000c10   0x0000001a   Code   RO          482    i.ADC_DMAError      stm32h7xx_hal_adc.o
    0x08000c2a   0x08000c2a   0x0000000a   Code   RO          483    i.ADC_DMAHalfConvCplt  stm32h7xx_hal_adc.o
    0x08000c34   0x08000c34   0x000000a8   Code   RO          485    i.ADC_Enable        stm32h7xx_hal_adc.o
    0x08000cdc   0x08000cdc   0x00000002   Code   RO          256    i.BusFault_Handler  stm32h7xx_it.o
    0x08000cde   0x08000cde   0x00000014   Code   RO           10    i.CLCD_I2C_Clear    i2c_lcd.o
    0x08000cf2   0x08000cf2   0x000000ac   Code   RO           13    i.CLCD_I2C_Init     i2c_lcd.o
    0x08000d9e   0x08000d9e   0x00000044   Code   RO           15    i.CLCD_I2C_SetCursor  i2c_lcd.o
    0x08000de2   0x08000de2   0x00000006   Code   RO           16    i.CLCD_I2C_WriteChar  i2c_lcd.o
    0x08000de8   0x08000de8   0x00000018   Code   RO           17    i.CLCD_I2C_WriteString  i2c_lcd.o
    0x08000e00   0x08000e00   0x0000006a   Code   RO           18    i.CLCD_WriteI2C     i2c_lcd.o
    0x08000e6a   0x08000e6a   0x00000002   PAD
    0x08000e6c   0x08000e6c   0x0000000c   Code   RO          257    i.DMA1_Stream1_IRQHandler  stm32h7xx_it.o
    0x08000e78   0x08000e78   0x00000050   Code   RO          258    i.DMA1_Stream2_IRQHandler  stm32h7xx_it.o
    0x08000ec8   0x08000ec8   0x00000038   Code   RO          259    i.DMA1_Stream3_IRQHandler  stm32h7xx_it.o
    0x08000f00   0x08000f00   0x0000005c   Code   RO          260    i.DMA1_Stream4_IRQHandler  stm32h7xx_it.o
    0x08000f5c   0x08000f5c   0x0000000c   Code   RO          261    i.DMA1_Stream5_IRQHandler  stm32h7xx_it.o
    0x08000f68   0x08000f68   0x0000000c   Code   RO          262    i.DMA1_Stream6_IRQHandler  stm32h7xx_it.o
    0x08000f74   0x08000f74   0x0000000c   Code   RO          263    i.DMA1_Stream7_IRQHandler  stm32h7xx_it.o
    0x08000f80   0x08000f80   0x000000b4   Code   RO          657    i.DMA_CalcBaseAndBitshift  stm32h7xx_hal_dma.o
    0x08001034   0x08001034   0x0000009c   Code   RO          658    i.DMA_CalcDMAMUXChannelBaseAndMask  stm32h7xx_hal_dma.o
    0x080010d0   0x080010d0   0x00000074   Code   RO          659    i.DMA_CalcDMAMUXRequestGenBaseAndMask  stm32h7xx_hal_dma.o
    0x08001144   0x08001144   0x00000054   Code   RO          660    i.DMA_CheckFifoParam  stm32h7xx_hal_dma.o
    0x08001198   0x08001198   0x00000220   Code   RO          661    i.DMA_SetConfig     stm32h7xx_hal_dma.o
    0x080013b8   0x080013b8   0x00000028   Code   RO           79    i.DWT_Delay_us      main.o
    0x080013e0   0x080013e0   0x00000024   Code   RO           80    i.DWT_Init          main.o
    0x08001404   0x08001404   0x00000002   Code   RO          264    i.DebugMon_Handler  stm32h7xx_it.o
    0x08001406   0x08001406   0x00000002   PAD
    0x08001408   0x08001408   0x00000078   Code   RO          265    i.EXTI15_10_IRQHandler  stm32h7xx_it.o
    0x08001480   0x08001480   0x00000004   Code   RO           81    i.Error_Handler     main.o
    0x08001484   0x08001484   0x00000128   Code   RO          537    i.HAL_ADCEx_MultiModeConfigChannel  stm32h7xx_hal_adc_ex.o
    0x080015ac   0x080015ac   0x00000420   Code   RO          487    i.HAL_ADC_ConfigChannel  stm32h7xx_hal_adc.o
    0x080019cc   0x080019cc   0x00000002   Code   RO          488    i.HAL_ADC_ConvCpltCallback  stm32h7xx_hal_adc.o
    0x080019ce   0x080019ce   0x00000002   Code   RO          489    i.HAL_ADC_ConvHalfCpltCallback  stm32h7xx_hal_adc.o
    0x080019d0   0x080019d0   0x00000002   Code   RO          491    i.HAL_ADC_ErrorCallback  stm32h7xx_hal_adc.o
    0x080019d2   0x080019d2   0x00000002   PAD
    0x080019d4   0x080019d4   0x00000228   Code   RO          496    i.HAL_ADC_Init      stm32h7xx_hal_adc.o
    0x08001bfc   0x08001bfc   0x00000114   Code   RO          283    i.HAL_ADC_MspInit   stm32h7xx_hal_msp.o
    0x08001d10   0x08001d10   0x00000108   Code   RO          503    i.HAL_ADC_Start_DMA  stm32h7xx_hal_adc.o
    0x08001e18   0x08001e18   0x000006e8   Code   RO          667    i.HAL_DMA_IRQHandler  stm32h7xx_hal_dma.o
    0x08002500   0x08002500   0x000003c4   Code   RO          668    i.HAL_DMA_Init      stm32h7xx_hal_dma.o
    0x080028c4   0x080028c4   0x0000029c   Code   RO          672    i.HAL_DMA_Start_IT  stm32h7xx_hal_dma.o
    0x08002b60   0x08002b60   0x00000024   Code   RO          809    i.HAL_Delay         stm32h7xx_hal.o
    0x08002b84   0x08002b84   0x00000002   Code   RO          633    i.HAL_GPIO_EXTI_Callback  stm32h7xx_hal_gpio.o
    0x08002b86   0x08002b86   0x00000018   Code   RO          634    i.HAL_GPIO_EXTI_IRQHandler  stm32h7xx_hal_gpio.o
    0x08002b9e   0x08002b9e   0x00000002   PAD
    0x08002ba0   0x08002ba0   0x0000022c   Code   RO          635    i.HAL_GPIO_Init     stm32h7xx_hal_gpio.o
    0x08002dcc   0x08002dcc   0x0000000a   Code   RO          637    i.HAL_GPIO_ReadPin  stm32h7xx_hal_gpio.o
    0x08002dd6   0x08002dd6   0x0000000a   Code   RO          639    i.HAL_GPIO_WritePin  stm32h7xx_hal_gpio.o
    0x08002de0   0x08002de0   0x0000000c   Code   RO          820    i.HAL_GetREVID      stm32h7xx_hal.o
    0x08002dec   0x08002dec   0x0000000c   Code   RO          821    i.HAL_GetTick       stm32h7xx_hal.o
    0x08002df8   0x08002df8   0x00000058   Code   RO          938    i.HAL_I2CEx_ConfigAnalogFilter  stm32h7xx_hal_i2c_ex.o
    0x08002e50   0x08002e50   0x00000054   Code   RO          939    i.HAL_I2CEx_ConfigDigitalFilter  stm32h7xx_hal_i2c_ex.o
    0x08002ea4   0x08002ea4   0x000000c0   Code   RO          865    i.HAL_I2C_Init      stm32h7xx_hal_i2c.o
    0x08002f64   0x08002f64   0x0000014c   Code   RO          878    i.HAL_I2C_Master_Transmit  stm32h7xx_hal_i2c.o
    0x080030b0   0x080030b0   0x000000a8   Code   RO          285    i.HAL_I2C_MspInit   stm32h7xx_hal_msp.o
    0x08003158   0x08003158   0x00000010   Code   RO          827    i.HAL_IncTick       stm32h7xx_hal.o
    0x08003168   0x08003168   0x0000005c   Code   RO          828    i.HAL_Init          stm32h7xx_hal.o
    0x080031c4   0x080031c4   0x0000008c   Code   RO          301    i.HAL_InitTick      stm32h7xx_hal_timebase_tim.o
    0x08003250   0x08003250   0x0000005c   Code   RO          778    i.HAL_MPU_ConfigRegion  stm32h7xx_hal_cortex.o
    0x080032ac   0x080032ac   0x0000001c   Code   RO          779    i.HAL_MPU_Disable   stm32h7xx_hal_cortex.o
    0x080032c8   0x080032c8   0x00000024   Code   RO          781    i.HAL_MPU_Enable    stm32h7xx_hal_cortex.o
    0x080032ec   0x080032ec   0x00000024   Code   RO          286    i.HAL_MspInit       stm32h7xx_hal_msp.o
    0x08003310   0x08003310   0x00000022   Code   RO          784    i.HAL_NVIC_DisableIRQ  stm32h7xx_hal_cortex.o
    0x08003332   0x08003332   0x0000001a   Code   RO          785    i.HAL_NVIC_EnableIRQ  stm32h7xx_hal_cortex.o
    0x0800334c   0x0800334c   0x00000040   Code   RO          791    i.HAL_NVIC_SetPriority  stm32h7xx_hal_cortex.o
    0x0800338c   0x0800338c   0x00000024   Code   RO          792    i.HAL_NVIC_SetPriorityGrouping  stm32h7xx_hal_cortex.o
    0x080033b0   0x080033b0   0x00000054   Code   RO          739    i.HAL_PWREx_ConfigSupply  stm32h7xx_hal_pwr_ex.o
    0x08003404   0x08003404   0x00000024   Code   RO          584    i.HAL_RCCEx_GetD3PCLK1Freq  stm32h7xx_hal_rcc_ex.o
    0x08003428   0x08003428   0x00000148   Code   RO          585    i.HAL_RCCEx_GetPLL1ClockFreq  stm32h7xx_hal_rcc_ex.o
    0x08003570   0x08003570   0x00000144   Code   RO          586    i.HAL_RCCEx_GetPLL2ClockFreq  stm32h7xx_hal_rcc_ex.o
    0x080036b4   0x080036b4   0x00000144   Code   RO          587    i.HAL_RCCEx_GetPLL3ClockFreq  stm32h7xx_hal_rcc_ex.o
    0x080037f8   0x080037f8   0x000002c8   Code   RO          589    i.HAL_RCCEx_GetPeriphCLKFreq  stm32h7xx_hal_rcc_ex.o
    0x08003ac0   0x08003ac0   0x000009ac   Code   RO          593    i.HAL_RCCEx_PeriphCLKConfig  stm32h7xx_hal_rcc_ex.o
    0x0800446c   0x0800446c   0x0000025c   Code   RO          554    i.HAL_RCC_ClockConfig  stm32h7xx_hal_rcc.o
    0x080046c8   0x080046c8   0x0000005c   Code   RO          558    i.HAL_RCC_GetClockConfig  stm32h7xx_hal_rcc.o
    0x08004724   0x08004724   0x00000044   Code   RO          559    i.HAL_RCC_GetHCLKFreq  stm32h7xx_hal_rcc.o
    0x08004768   0x08004768   0x00000024   Code   RO          561    i.HAL_RCC_GetPCLK1Freq  stm32h7xx_hal_rcc.o
    0x0800478c   0x0800478c   0x00000024   Code   RO          562    i.HAL_RCC_GetPCLK2Freq  stm32h7xx_hal_rcc.o
    0x080047b0   0x080047b0   0x00000138   Code   RO          563    i.HAL_RCC_GetSysClockFreq  stm32h7xx_hal_rcc.o
    0x080048e8   0x080048e8   0x00000582   Code   RO          566    i.HAL_RCC_OscConfig  stm32h7xx_hal_rcc.o
    0x08004e6a   0x08004e6a   0x00000002   PAD
    0x08004e6c   0x08004e6c   0x0000017c   Code   RO          970    i.HAL_SPI_Init      stm32h7xx_hal_spi.o
    0x08004fe8   0x08004fe8   0x00000084   Code   RO          288    i.HAL_SPI_MspInit   stm32h7xx_hal_msp.o
    0x0800506c   0x0800506c   0x00000002   Code   RO          430    i.HAL_TIMEx_Break2Callback  stm32h7xx_hal_tim_ex.o
    0x0800506e   0x0800506e   0x00000002   Code   RO          431    i.HAL_TIMEx_BreakCallback  stm32h7xx_hal_tim_ex.o
    0x08005070   0x08005070   0x00000002   Code   RO          432    i.HAL_TIMEx_CommutCallback  stm32h7xx_hal_tim_ex.o
    0x08005072   0x08005072   0x00000002   PAD
    0x08005074   0x08005074   0x000000a4   Code   RO          452    i.HAL_TIMEx_MasterConfigSynchronization  stm32h7xx_hal_tim_ex.o
    0x08005118   0x08005118   0x00000062   Code   RO          310    i.HAL_TIM_Base_Init  stm32h7xx_hal_tim.o
    0x0800517a   0x0800517a   0x00000002   PAD
    0x0800517c   0x0800517c   0x00000054   Code   RO          290    i.HAL_TIM_Base_MspInit  stm32h7xx_hal_msp.o
    0x080051d0   0x080051d0   0x0000008c   Code   RO          315    i.HAL_TIM_Base_Start_IT  stm32h7xx_hal_tim.o
    0x0800525c   0x0800525c   0x000000fc   Code   RO          319    i.HAL_TIM_ConfigClockSource  stm32h7xx_hal_tim.o
    0x08005358   0x08005358   0x000000bc   Code   RO          331    i.HAL_TIM_Encoder_Init  stm32h7xx_hal_tim.o
    0x08005414   0x08005414   0x00000224   Code   RO          292    i.HAL_TIM_Encoder_MspInit  stm32h7xx_hal_msp.o
    0x08005638   0x08005638   0x0000008e   Code   RO          334    i.HAL_TIM_Encoder_Start  stm32h7xx_hal_tim.o
    0x080056c6   0x080056c6   0x00000002   Code   RO          344    i.HAL_TIM_IC_CaptureCallback  stm32h7xx_hal_tim.o
    0x080056c8   0x080056c8   0x00000148   Code   RO          358    i.HAL_TIM_IRQHandler  stm32h7xx_hal_tim.o
    0x08005810   0x08005810   0x00000050   Code   RO          293    i.HAL_TIM_MspPostInit  stm32h7xx_hal_msp.o
    0x08005860   0x08005860   0x00000002   Code   RO          361    i.HAL_TIM_OC_DelayElapsedCallback  stm32h7xx_hal_tim.o
    0x08005862   0x08005862   0x00000124   Code   RO          382    i.HAL_TIM_PWM_ConfigChannel  stm32h7xx_hal_tim.o
    0x08005986   0x08005986   0x00000062   Code   RO          385    i.HAL_TIM_PWM_Init  stm32h7xx_hal_tim.o
    0x080059e8   0x080059e8   0x00000028   Code   RO          295    i.HAL_TIM_PWM_MspInit  stm32h7xx_hal_msp.o
    0x08005a10   0x08005a10   0x00000002   Code   RO          388    i.HAL_TIM_PWM_PulseFinishedCallback  stm32h7xx_hal_tim.o
    0x08005a12   0x08005a12   0x00000002   PAD
    0x08005a14   0x08005a14   0x00000110   Code   RO          390    i.HAL_TIM_PWM_Start  stm32h7xx_hal_tim.o
    0x08005b24   0x08005b24   0x00000014   Code   RO           82    i.HAL_TIM_PeriodElapsedCallback  main.o
    0x08005b38   0x08005b38   0x00000002   Code   RO          401    i.HAL_TIM_TriggerCallback  stm32h7xx_hal_tim.o
    0x08005b3a   0x08005b3a   0x00000040   Code   RO         1092    i.HAL_UARTEx_DisableFifoMode  stm32h7xx_hal_uart_ex.o
    0x08005b7a   0x08005b7a   0x00000002   Code   RO         1026    i.HAL_UARTEx_RxEventCallback  stm32h7xx_hal_uart.o
    0x08005b7c   0x08005b7c   0x0000004c   Code   RO         1101    i.HAL_UARTEx_SetRxFifoThreshold  stm32h7xx_hal_uart_ex.o
    0x08005bc8   0x08005bc8   0x0000004c   Code   RO         1102    i.HAL_UARTEx_SetTxFifoThreshold  stm32h7xx_hal_uart_ex.o
    0x08005c14   0x08005c14   0x00000002   Code   RO         1042    i.HAL_UART_ErrorCallback  stm32h7xx_hal_uart.o
    0x08005c16   0x08005c16   0x0000006a   Code   RO         1046    i.HAL_UART_Init     stm32h7xx_hal_uart.o
    0x08005c80   0x08005c80   0x00000458   Code   RO          297    i.HAL_UART_MspInit  stm32h7xx_hal_msp.o
    0x080060d8   0x080060d8   0x00000048   Code   RO         1050    i.HAL_UART_Receive_DMA  stm32h7xx_hal_uart.o
    0x08006120   0x08006120   0x00000002   Code   RO         1053    i.HAL_UART_RxCpltCallback  stm32h7xx_hal_uart.o
    0x08006122   0x08006122   0x00000002   Code   RO         1054    i.HAL_UART_RxHalfCpltCallback  stm32h7xx_hal_uart.o
    0x08006124   0x08006124   0x000000b0   Code   RO         1055    i.HAL_UART_Transmit  stm32h7xx_hal_uart.o
    0x080061d4   0x080061d4   0x00000090   Code   RO         1056    i.HAL_UART_Transmit_DMA  stm32h7xx_hal_uart.o
    0x08006264   0x08006264   0x00000002   Code   RO         1058    i.HAL_UART_TxCpltCallback  stm32h7xx_hal_uart.o
    0x08006266   0x08006266   0x00000002   Code   RO         1059    i.HAL_UART_TxHalfCpltCallback  stm32h7xx_hal_uart.o
    0x08006268   0x08006268   0x00000002   Code   RO          266    i.HardFault_Handler  stm32h7xx_it.o
    0x0800626a   0x0800626a   0x00000022   Code   RO          912    i.I2C_Flush_TXDR    stm32h7xx_hal_i2c.o
    0x0800628c   0x0800628c   0x00000110   Code   RO          920    i.I2C_IsErrorOccurred  stm32h7xx_hal_i2c.o
    0x0800639c   0x0800639c   0x00000030   Code   RO          929    i.I2C_TransferConfig  stm32h7xx_hal_i2c.o
    0x080063cc   0x080063cc   0x0000007c   Code   RO          931    i.I2C_WaitOnFlagUntilTimeout  stm32h7xx_hal_i2c.o
    0x08006448   0x08006448   0x00000058   Code   RO          933    i.I2C_WaitOnSTOPFlagUntilTimeout  stm32h7xx_hal_i2c.o
    0x080064a0   0x080064a0   0x0000005c   Code   RO          934    i.I2C_WaitOnTXISFlagUntilTimeout  stm32h7xx_hal_i2c.o
    0x080064fc   0x080064fc   0x00000008   Code   RO          508    i.LL_ADC_INJ_IsConversionOngoing  stm32h7xx_hal_adc.o
    0x08006504   0x08006504   0x00000008   Code   RO          509    i.LL_ADC_REG_IsConversionOngoing  stm32h7xx_hal_adc.o
    0x0800650c   0x0800650c   0x00000008   Code   RO          547    i.LL_ADC_REG_IsConversionOngoing  stm32h7xx_hal_adc_ex.o
    0x08006514   0x08006514   0x00000010   Code   RO          510    i.LL_ADC_REG_IsTriggerSourceSWStart  stm32h7xx_hal_adc.o
    0x08006524   0x08006524   0x000001ac   Code   RO           83    i.MX_ADC1_Init      main.o
    0x080066d0   0x080066d0   0x0000008c   Code   RO           84    i.MX_DMA_Init       main.o
    0x0800675c   0x0800675c   0x00000194   Code   RO           85    i.MX_GPIO_Init      main.o
    0x080068f0   0x080068f0   0x00000054   Code   RO           86    i.MX_I2C1_Init      main.o
    0x08006944   0x08006944   0x00000054   Code   RO           87    i.MX_I2C2_Init      main.o
    0x08006998   0x08006998   0x00000054   Code   RO           88    i.MX_SPI4_Init      main.o
    0x080069ec   0x080069ec   0x00000074   Code   RO           89    i.MX_TIM12_Init     main.o
    0x08006a60   0x08006a60   0x0000006c   Code   RO           90    i.MX_TIM15_Init     main.o
    0x08006acc   0x08006acc   0x00000078   Code   RO           91    i.MX_TIM1_Init      main.o
    0x08006b44   0x08006b44   0x00000070   Code   RO           92    i.MX_TIM2_Init      main.o
    0x08006bb4   0x08006bb4   0x00000074   Code   RO           93    i.MX_TIM3_Init      main.o
    0x08006c28   0x08006c28   0x00000074   Code   RO           94    i.MX_TIM4_Init      main.o
    0x08006c9c   0x08006c9c   0x00000074   Code   RO           95    i.MX_TIM5_Init      main.o
    0x08006d10   0x08006d10   0x00000078   Code   RO           96    i.MX_TIM8_Init      main.o
    0x08006d88   0x08006d88   0x00000064   Code   RO           97    i.MX_UART4_Init     main.o
    0x08006dec   0x08006dec   0x00000064   Code   RO           98    i.MX_UART5_Init     main.o
    0x08006e50   0x08006e50   0x00000064   Code   RO           99    i.MX_UART7_Init     main.o
    0x08006eb4   0x08006eb4   0x00000064   Code   RO          100    i.MX_UART8_Init     main.o
    0x08006f18   0x08006f18   0x00000064   Code   RO          101    i.MX_USART1_UART_Init  main.o
    0x08006f7c   0x08006f7c   0x00000064   Code   RO          102    i.MX_USART2_UART_Init  main.o
    0x08006fe0   0x08006fe0   0x00000064   Code   RO          103    i.MX_USART3_UART_Init  main.o
    0x08007044   0x08007044   0x00000002   Code   RO          267    i.MemManage_Handler  stm32h7xx_it.o
    0x08007046   0x08007046   0x00000002   Code   RO          268    i.NMI_Handler       stm32h7xx_it.o
    0x08007048   0x08007048   0x00000044   Code   RO           49    i.PID_Compute       3swervewheel.o
    0x0800708c   0x0800708c   0x00000044   Code   RO          104    i.PeriphCommonClock_Config  main.o
    0x080070d0   0x080070d0   0x00000120   Code   RO          596    i.RCCEx_PLL2_Config  stm32h7xx_hal_rcc_ex.o
    0x080071f0   0x080071f0   0x00000120   Code   RO          597    i.RCCEx_PLL3_Config  stm32h7xx_hal_rcc_ex.o
    0x08007310   0x08007310   0x00000022   Code   RO          105    i.RCServo_Write     main.o
    0x08007332   0x08007332   0x00000002   PAD
    0x08007334   0x08007334   0x00000018   Code   RO          106    i.ResetEn_4hChay    main.o
    0x0800734c   0x0800734c   0x00000018   Code   RO          107    i.ResetEn_9hRo      main.o
    0x08007364   0x08007364   0x00000030   Code   RO          111    i.ResetEncoder_FULL  main.o
    0x08007394   0x08007394   0x00000018   Code   RO          115    i.Reseten_0hRo      main.o
    0x080073ac   0x080073ac   0x00000018   Code   RO          116    i.Reseten_4hRo      main.o
    0x080073c4   0x080073c4   0x00000018   Code   RO          117    i.Reseten_8hRo      main.o
    0x080073dc   0x080073dc   0x00000018   Code   RO          118    i.Reseten_nangXoay  main.o
    0x080073f4   0x080073f4   0x000000e8   Code   RO          119    i.StartADCTask04    main.o
    0x080074dc   0x080074dc   0x00000054   Code   RO          120    i.StartLCDTask05    main.o
    0x08007530   0x08007530   0x00000080   Code   RO          121    i.StartMainTask     main.o
    0x080075b0   0x080075b0   0x00000058   Code   RO          122    i.StartSensorTask02  main.o
    0x08007608   0x08007608   0x0000003c   Code   RO          123    i.StartServoTask06  main.o
    0x08007644   0x08007644   0x000000ac   Code   RO          124    i.StartSwerveTask03  main.o
    0x080076f0   0x080076f0   0x0000001a   Code   RO         1294    i.SysTick_Handler   cmsis_os2.o
    0x0800770a   0x0800770a   0x00000002   PAD
    0x0800770c   0x0800770c   0x000000a8   Code   RO          125    i.SystemClock_Config  main.o
    0x080077b4   0x080077b4   0x000000dc   Code   RO         1112    i.SystemInit        system_stm32h7xx.o
    0x08007890   0x08007890   0x0000000c   Code   RO          269    i.TIM15_IRQHandler  stm32h7xx_it.o
    0x0800789c   0x0800789c   0x0000003c   Code   RO          270    i.TIM1_UP_IRQHandler  stm32h7xx_it.o
    0x080078d8   0x080078d8   0x0000003c   Code   RO          271    i.TIM2_IRQHandler   stm32h7xx_it.o
    0x08007914   0x08007914   0x0000003c   Code   RO          272    i.TIM3_IRQHandler   stm32h7xx_it.o
    0x08007950   0x08007950   0x0000003c   Code   RO          273    i.TIM4_IRQHandler   stm32h7xx_it.o
    0x0800798c   0x0800798c   0x0000003c   Code   RO          274    i.TIM5_IRQHandler   stm32h7xx_it.o
    0x080079c8   0x080079c8   0x00000014   Code   RO          275    i.TIM7_IRQHandler   stm32h7xx_it.o
    0x080079dc   0x080079dc   0x0000003c   Code   RO          276    i.TIM8_UP_TIM13_IRQHandler  stm32h7xx_it.o
    0x08007a18   0x08007a18   0x000000cc   Code   RO          403    i.TIM_Base_SetConfig  stm32h7xx_hal_tim.o
    0x08007ae4   0x08007ae4   0x0000001a   Code   RO          404    i.TIM_CCxChannelCmd  stm32h7xx_hal_tim.o
    0x08007afe   0x08007afe   0x00000012   Code   RO          414    i.TIM_ETR_SetConfig  stm32h7xx_hal_tim.o
    0x08007b10   0x08007b10   0x00000014   Code   RO          415    i.TIM_ITRx_SetConfig  stm32h7xx_hal_tim.o
    0x08007b24   0x08007b24   0x000000a4   Code   RO          416    i.TIM_OC1_SetConfig  stm32h7xx_hal_tim.o
    0x08007bc8   0x08007bc8   0x00000098   Code   RO          417    i.TIM_OC2_SetConfig  stm32h7xx_hal_tim.o
    0x08007c60   0x08007c60   0x00000098   Code   RO          418    i.TIM_OC3_SetConfig  stm32h7xx_hal_tim.o
    0x08007cf8   0x08007cf8   0x00000078   Code   RO          419    i.TIM_OC4_SetConfig  stm32h7xx_hal_tim.o
    0x08007d70   0x08007d70   0x00000074   Code   RO          420    i.TIM_OC5_SetConfig  stm32h7xx_hal_tim.o
    0x08007de4   0x08007de4   0x00000074   Code   RO          421    i.TIM_OC6_SetConfig  stm32h7xx_hal_tim.o
    0x08007e58   0x08007e58   0x00000022   Code   RO          423    i.TIM_TI1_ConfigInputStage  stm32h7xx_hal_tim.o
    0x08007e7a   0x08007e7a   0x00000024   Code   RO          425    i.TIM_TI2_ConfigInputStage  stm32h7xx_hal_tim.o
    0x08007e9e   0x08007e9e   0x00000002   PAD
    0x08007ea0   0x08007ea0   0x00000044   Code   RO         1106    i.UARTEx_SetNbDataToProcess  stm32h7xx_hal_uart_ex.o
    0x08007ee4   0x08007ee4   0x000000c8   Code   RO         1060    i.UART_AdvFeatureConfig  stm32h7xx_hal_uart.o
    0x08007fac   0x08007fac   0x000000aa   Code   RO         1061    i.UART_CheckIdleState  stm32h7xx_hal_uart.o
    0x08008056   0x08008056   0x0000004e   Code   RO         1063    i.UART_DMAError     stm32h7xx_hal_uart.o
    0x080080a4   0x080080a4   0x00000082   Code   RO         1064    i.UART_DMAReceiveCplt  stm32h7xx_hal_uart.o
    0x08008126   0x08008126   0x00000020   Code   RO         1066    i.UART_DMARxHalfCplt  stm32h7xx_hal_uart.o
    0x08008146   0x08008146   0x00000040   Code   RO         1068    i.UART_DMATransmitCplt  stm32h7xx_hal_uart.o
    0x08008186   0x08008186   0x0000000a   Code   RO         1070    i.UART_DMATxHalfCplt  stm32h7xx_hal_uart.o
    0x08008190   0x08008190   0x00000054   Code   RO         1072    i.UART_EndRxTransfer  stm32h7xx_hal_uart.o
    0x080081e4   0x080081e4   0x0000002e   Code   RO         1073    i.UART_EndTxTransfer  stm32h7xx_hal_uart.o
    0x08008212   0x08008212   0x00000002   PAD
    0x08008214   0x08008214   0x000003ac   Code   RO         1078    i.UART_SetConfig    stm32h7xx_hal_uart.o
    0x080085c0   0x080085c0   0x000000a8   Code   RO         1079    i.UART_Start_Receive_DMA  stm32h7xx_hal_uart.o
    0x08008668   0x08008668   0x00000094   Code   RO         1085    i.UART_WaitOnFlagUntilTimeout  stm32h7xx_hal_uart.o
    0x080086fc   0x080086fc   0x00000002   Code   RO          277    i.UsageFault_Handler  stm32h7xx_it.o
    0x080086fe   0x080086fe   0x00000030   Code   RO         1494    i.__ARM_fpclassify  m_wv.l(fpclassify.o)
    0x0800872e   0x0800872e   0x00000022   Code   RO          798    i.__NVIC_SetPriority  stm32h7xx_hal_cortex.o
    0x08008750   0x08008750   0x00000200   Code   RO         1474    i.__hardfp_atan     m_wv.l(atan.o)
    0x08008950   0x08008950   0x000001c8   Code   RO         1423    i.__hardfp_atan2    m_wv.l(atan2.o)
    0x08008b18   0x08008b18   0x000000b0   Code   RO         1429    i.__hardfp_cos      m_wv.l(cos.o)
    0x08008bc8   0x08008bc8   0x000000fc   Code   RO         1435    i.__hardfp_fmod     m_wv.l(fmod.o)
    0x08008cc4   0x08008cc4   0x00000004   PAD
    0x08008cc8   0x08008cc8   0x000008f8   Code   RO         1441    i.__hardfp_pow      m_wv.l(pow.o)
    0x080095c0   0x080095c0   0x000000b0   Code   RO         1449    i.__hardfp_sin      m_wv.l(sin.o)
    0x08009670   0x08009670   0x00000066   Code   RO         1455    i.__hardfp_sqrt     m_wv.l(sqrt.o)
    0x080096d6   0x080096d6   0x00000002   PAD
    0x080096d8   0x080096d8   0x00000310   Code   RO         1497    i.__ieee754_rem_pio2  m_wv.l(rred.o)
    0x080099e8   0x080099e8   0x000000e0   Code   RO         1482    i.__kernel_cos      m_wv.l(cos_i.o)
    0x08009ac8   0x08009ac8   0x00000070   Code   RO         1495    i.__kernel_poly     m_wv.l(poly.o)
    0x08009b38   0x08009b38   0x000000a8   Code   RO         1500    i.__kernel_sin      m_wv.l(sin_i.o)
    0x08009be0   0x08009be0   0x00000020   Code   RO         1484    i.__mathlib_dbl_divzero  m_wv.l(dunder.o)
    0x08009c00   0x08009c00   0x00000006   Code   RO         1485    i.__mathlib_dbl_infnan  m_wv.l(dunder.o)
    0x08009c06   0x08009c06   0x00000006   Code   RO         1486    i.__mathlib_dbl_infnan2  m_wv.l(dunder.o)
    0x08009c0c   0x08009c0c   0x00000004   PAD
    0x08009c10   0x08009c10   0x00000018   Code   RO         1487    i.__mathlib_dbl_invalid  m_wv.l(dunder.o)
    0x08009c28   0x08009c28   0x00000018   Code   RO         1488    i.__mathlib_dbl_overflow  m_wv.l(dunder.o)
    0x08009c40   0x08009c40   0x00000018   Code   RO         1490    i.__mathlib_dbl_underflow  m_wv.l(dunder.o)
    0x08009c58   0x08009c58   0x0000000e   Code   RO         1406    i._is_digit         c_w.l(__printf_wp.o)
    0x08009c66   0x08009c66   0x00000010   Code   RO         1476    i.atan              m_wv.l(atan.o)
    0x08009c76   0x08009c76   0x00000002   PAD
    0x08009c78   0x08009c78   0x000000f4   Code   RO          127    i.banBanh           main.o
    0x08009d6c   0x08009d6c   0x00000068   Code   RO          128    i.banBanhPen        main.o
    0x08009dd4   0x08009dd4   0x000000cc   Code   RO          129    i.calculate         main.o
    0x08009ea0   0x08009ea0   0x00000060   Code   RO          130    i.calculateJoystickOutput  main.o
    0x08009f00   0x08009f00   0x00000010   Code   RO          131    i.chay3Banh         main.o
    0x08009f10   0x08009f10   0x00000010   Code   RO          133    i.clampPWM          main.o
    0x08009f20   0x08009f20   0x0000006c   Code   RO          134    i.closestAngle      main.o
    0x08009f8c   0x08009f8c   0x0000007c   Code   RO          136    i.controlMotorPID   main.o
    0x0800a008   0x0800a008   0x0000005c   Code   RO          137    i.controlMotorPen   main.o
    0x0800a064   0x0800a064   0x00000014   Code   RO          138    i.en_0hRo           main.o
    0x0800a078   0x0800a078   0x00000014   Code   RO          139    i.en_4hRo           main.o
    0x0800a08c   0x0800a08c   0x00000014   Code   RO          140    i.en_8hRo           main.o
    0x0800a0a0   0x0800a0a0   0x0000001c   Code   RO          142    i.en_Chay4h         main.o
    0x0800a0bc   0x0800a0bc   0x00000018   Code   RO         1493    i.fabs              m_wv.l(fabs.o)
    0x0800a0d4   0x0800a0d4   0x0000008c   Code   RO           50    i.findSection       3swervewheel.o
    0x0800a160   0x0800a160   0x0000026c   Code   RO          146    i.gamePad           main.o
    0x0800a3cc   0x0800a3cc   0x00000240   Code   RO          147    i.gamePadCoCau      main.o
    0x0800a60c   0x0800a60c   0x0000005c   Code   RO          148    i.gamePadpen        main.o
    0x0800a668   0x0800a668   0x00000040   Code   RO          149    i.get_Gamepad_Bluetouch  main.o
    0x0800a6a8   0x0800a6a8   0x0000001c   Code   RO           51    i.gioiHanTocDo      3swervewheel.o
    0x0800a6c4   0x0800a6c4   0x00000588   Code   RO          153    i.lcdViewer         main.o
    0x0800ac4c   0x0800ac4c   0x0000001c   Code   RO           20    i.lcd_printBit      i2c_lcd.o
    0x0800ac68   0x0800ac68   0x00000034   Code   RO           22    i.lcd_printInt      i2c_lcd.o
    0x0800ac9c   0x0800ac9c   0x00000020   Code   RO           23    i.lcd_printStr      i2c_lcd.o
    0x0800acbc   0x0800acbc   0x00000240   Code   RO          154    i.main              main.o
    0x0800aefc   0x0800aefc   0x00000014   Code   RO          155    i.map               main.o
    0x0800af10   0x0800af10   0x00000012   Code   RO          156    i.modulo            main.o
    0x0800af22   0x0800af22   0x00000002   PAD
    0x0800af24   0x0800af24   0x00000024   Code   RO          157    i.motor0hRo         main.o
    0x0800af48   0x0800af48   0x00000024   Code   RO          158    i.motor4hRo         main.o
    0x0800af6c   0x0800af6c   0x00000024   Code   RO          159    i.motor8hRo         main.o
    0x0800af90   0x0800af90   0x000000c0   Code   RO          162    i.nhanBanh          main.o
    0x0800b050   0x0800b050   0x000001b0   Code   RO          163    i.nhanBanhPen       main.o
    0x0800b200   0x0800b200   0x0000001c   Code   RO         1296    i.osDelay           cmsis_os2.o
    0x0800b21c   0x0800b21c   0x00000024   Code   RO         1310    i.osKernelInitialize  cmsis_os2.o
    0x0800b240   0x0800b240   0x00000038   Code   RO         1313    i.osKernelStart     cmsis_os2.o
    0x0800b278   0x0800b278   0x00000090   Code   RO         1355    i.osThreadNew       cmsis_os2.o
    0x0800b308   0x0800b308   0x0000005c   Code   RO         1201    i.prvAddCurrentTaskToDelayedList  tasks.o
    0x0800b364   0x0800b364   0x000000d0   Code   RO         1202    i.prvAddNewTaskToReadyList  tasks.o
    0x0800b434   0x0800b434   0x00000058   Code   RO         1262    i.prvCheckForValidListAndQueue  timers.o
    0x0800b48c   0x0800b48c   0x00000026   Code   RO         1136    i.prvCopyDataFromQueue  queue.o
    0x0800b4b2   0x0800b4b2   0x0000006c   Code   RO         1137    i.prvCopyDataToQueue  queue.o
    0x0800b51e   0x0800b51e   0x00000034   Code   RO         1203    i.prvDeleteTCB      tasks.o
    0x0800b552   0x0800b552   0x00000002   PAD
    0x0800b554   0x0800b554   0x00000050   Code   RO         1371    i.prvHeapInit       heap_4.o
    0x0800b5a4   0x0800b5a4   0x00000060   Code   RO         1204    i.prvIdleTask       tasks.o
    0x0800b604   0x0800b604   0x00000022   Code   RO         1139    i.prvInitialiseNewQueue  queue.o
    0x0800b626   0x0800b626   0x000000b0   Code   RO         1205    i.prvInitialiseNewTask  tasks.o
    0x0800b6d6   0x0800b6d6   0x00000002   PAD
    0x0800b6d8   0x0800b6d8   0x0000004c   Code   RO         1372    i.prvInsertBlockIntoFreeList  heap_4.o
    0x0800b724   0x0800b724   0x0000003c   Code   RO         1264    i.prvInsertTimerInActiveList  timers.o
    0x0800b760   0x0800b760   0x0000001c   Code   RO         1140    i.prvIsQueueEmpty   queue.o
    0x0800b77c   0x0800b77c   0x000000f8   Code   RO         1265    i.prvProcessReceivedCommands  timers.o
    0x0800b874   0x0800b874   0x000000c0   Code   RO         1266    i.prvProcessTimerOrBlockTask  timers.o
    0x0800b934   0x0800b934   0x00000020   Code   RO         1207    i.prvResetNextTaskUnblockTime  tasks.o
    0x0800b954   0x0800b954   0x00000028   Code   RO         1267    i.prvSampleTimeNow  timers.o
    0x0800b97c   0x0800b97c   0x0000006c   Code   RO         1268    i.prvSwitchTimerLists  timers.o
    0x0800b9e8   0x0800b9e8   0x00000028   Code   RO         1382    i.prvTaskExitError  port.o
    0x0800ba10   0x0800ba10   0x00000024   Code   RO         1269    i.prvTimerTask      timers.o
    0x0800ba34   0x0800ba34   0x0000006a   Code   RO         1141    i.prvUnlockQueue    queue.o
    0x0800ba9e   0x0800ba9e   0x00000002   PAD
    0x0800baa0   0x0800baa0   0x00000018   Code   RO           29    i.putchar4          ala_config.o
    0x0800bab8   0x0800bab8   0x000000dc   Code   RO         1373    i.pvPortMalloc      heap_4.o
    0x0800bb94   0x0800bb94   0x00000030   Code   RO         1383    i.pxPortInitialiseStack  port.o
    0x0800bbc4   0x0800bbc4   0x000000b0   Code   RO          167    i.quayGoc0h         main.o
    0x0800bc74   0x0800bc74   0x0000001a   Code   RO          168    i.quayGoc3Banh      main.o
    0x0800bc8e   0x0800bc8e   0x00000002   PAD
    0x0800bc90   0x0800bc90   0x000000ac   Code   RO          169    i.quayGoc4h         main.o
    0x0800bd3c   0x0800bd3c   0x000000ac   Code   RO          170    i.quayGoc8h         main.o
    0x0800bde8   0x0800bde8   0x00000024   Code   RO          172    i.quyDoiEncoder     main.o
    0x0800be0c   0x0800be0c   0x00000010   Code   RO           52    i.robotAngle        3swervewheel.o
    0x0800be1c   0x0800be1c   0x00000120   Code   RO           53    i.robotRun          3swervewheel.o
    0x0800bf3c   0x0800bf3c   0x000000e8   Code   RO           54    i.robotStop         3swervewheel.o
    0x0800c024   0x0800c024   0x00000034   Code   RO           55    i.robot_rotate      3swervewheel.o
    0x0800c058   0x0800c058   0x00000034   Code   RO           56    i.runAngle          3swervewheel.o
    0x0800c08c   0x0800c08c   0x0000003c   Code   RO           58    i.runSnake          3swervewheel.o
    0x0800c0c8   0x0800c0c8   0x0000002e   Code   RO           37    i.run_read_gyro_uart4  ala_config.o
    0x0800c0f6   0x0800c0f6   0x00000006   Code   RO           39    i.sendData_Gamepad_Grygo  ala_config.o
    0x0800c0fc   0x0800c0fc   0x00000084   Code   RO          173    i.setDirection0h    main.o
    0x0800c180   0x0800c180   0x00000084   Code   RO          174    i.setDirection4h    main.o
    0x0800c204   0x0800c204   0x00000084   Code   RO          175    i.setDirection8h    main.o
    0x0800c288   0x0800c288   0x00000034   Code   RO          178    i.setmamXoay        main.o
    0x0800c2bc   0x0800c2bc   0x0000002c   Code   RO          179    i.signum            main.o
    0x0800c2e8   0x0800c2e8   0x0000006a   Code   RO         1457    i.sqrt              m_wv.l(sqrt.o)
    0x0800c352   0x0800c352   0x00000002   PAD
    0x0800c354   0x0800c354   0x0000025c   Code   RO           59    i.tinhToanGoc       3swervewheel.o
    0x0800c5b0   0x0800c5b0   0x0000010c   Code   RO          180    i.update_encoder_value  main.o
    0x0800c6bc   0x0800c6bc   0x00000054   Code   RO           60    i.update_speed      3swervewheel.o
    0x0800c710   0x0800c710   0x00000026   Code   RO         1130    i.uxListRemove      list.o
    0x0800c736   0x0800c736   0x00000002   PAD
    0x0800c738   0x0800c738   0x00000018   Code   RO         1367    i.vApplicationGetIdleTaskMemory  cmsis_os2.o
    0x0800c750   0x0800c750   0x00000018   Code   RO         1368    i.vApplicationGetTimerTaskMemory  cmsis_os2.o
    0x0800c768   0x0800c768   0x00000016   Code   RO         1131    i.vListInitialise   list.o
    0x0800c77e   0x0800c77e   0x00000006   Code   RO         1132    i.vListInitialiseItem  list.o
    0x0800c784   0x0800c784   0x00000030   Code   RO         1133    i.vListInsert       list.o
    0x0800c7b4   0x0800c7b4   0x00000018   Code   RO         1134    i.vListInsertEnd    list.o
    0x0800c7cc   0x0800c7cc   0x00000040   Code   RO         1385    i.vPortEnterCritical  port.o
    0x0800c80c   0x0800c80c   0x00000028   Code   RO         1386    i.vPortExitCritical  port.o
    0x0800c834   0x0800c834   0x00000064   Code   RO         1374    i.vPortFree         heap_4.o
    0x0800c898   0x0800c898   0x00000024   Code   RO         1387    i.vPortSetupTimerInterrupt  port.o
    0x0800c8bc   0x0800c8bc   0x00000054   Code   RO         1388    i.vPortValidateInterruptPriority  port.o
    0x0800c910   0x0800c910   0x00000028   Code   RO         1147    i.vQueueAddToRegistry  queue.o
    0x0800c938   0x0800c938   0x00000044   Code   RO         1151    i.vQueueWaitForMessageRestricted  queue.o
    0x0800c97c   0x0800c97c   0x0000004c   Code   RO         1220    i.vTaskDelay        tasks.o
    0x0800c9c8   0x0800c9c8   0x00000010   Code   RO         1225    i.vTaskInternalSetTimeOutState  tasks.o
    0x0800c9d8   0x0800c9d8   0x0000000c   Code   RO         1226    i.vTaskMissedYield  tasks.o
    0x0800c9e4   0x0800c9e4   0x00000030   Code   RO         1228    i.vTaskPlaceOnEventList  tasks.o
    0x0800ca14   0x0800ca14   0x00000038   Code   RO         1229    i.vTaskPlaceOnEventListRestricted  tasks.o
    0x0800ca4c   0x0800ca4c   0x00000088   Code   RO         1237    i.vTaskStartScheduler  tasks.o
    0x0800cad4   0x0800cad4   0x00000010   Code   RO         1239    i.vTaskSuspendAll   tasks.o
    0x0800cae4   0x0800cae4   0x00000064   Code   RO         1240    i.vTaskSwitchContext  tasks.o
    0x0800cb48   0x0800cb48   0x00000218   Code   RO          181    i.veHome            main.o
    0x0800cd60   0x0800cd60   0x00000060   Code   RO          182    i.vehomeNapBanh     main.o
    0x0800cdc0   0x0800cdc0   0x000000f4   Code   RO         1389    i.xPortStartScheduler  port.o
    0x0800ceb4   0x0800ceb4   0x0000002c   Code   RO         1390    i.xPortSysTickHandler  port.o
    0x0800cee0   0x0800cee0   0x00000066   Code   RO         1157    i.xQueueGenericCreateStatic  queue.o
    0x0800cf46   0x0800cf46   0x00000002   PAD
    0x0800cf48   0x0800cf48   0x00000094   Code   RO         1158    i.xQueueGenericReset  queue.o
    0x0800cfdc   0x0800cfdc   0x00000160   Code   RO         1159    i.xQueueGenericSend  queue.o
    0x0800d13c   0x0800d13c   0x000000be   Code   RO         1160    i.xQueueGenericSendFromISR  queue.o
    0x0800d1fa   0x0800d1fa   0x00000002   PAD
    0x0800d1fc   0x0800d1fc   0x0000013c   Code   RO         1169    i.xQueueReceive     queue.o
    0x0800d338   0x0800d338   0x00000078   Code   RO         1242    i.xTaskCheckForTimeOut  tasks.o
    0x0800d3b0   0x0800d3b0   0x0000005a   Code   RO         1243    i.xTaskCreate       tasks.o
    0x0800d40a   0x0800d40a   0x00000056   Code   RO         1244    i.xTaskCreateStatic  tasks.o
    0x0800d460   0x0800d460   0x0000001c   Code   RO         1248    i.xTaskGetSchedulerState  tasks.o
    0x0800d47c   0x0800d47c   0x0000000c   Code   RO         1249    i.xTaskGetTickCount  tasks.o
    0x0800d488   0x0800d488   0x000000c8   Code   RO         1251    i.xTaskIncrementTick  tasks.o
    0x0800d550   0x0800d550   0x0000007c   Code   RO         1254    i.xTaskPriorityDisinherit  tasks.o
    0x0800d5cc   0x0800d5cc   0x00000070   Code   RO         1256    i.xTaskRemoveFromEventList  tasks.o
    0x0800d63c   0x0800d63c   0x000000c4   Code   RO         1257    i.xTaskResumeAll    tasks.o
    0x0800d700   0x0800d700   0x00000060   Code   RO         1278    i.xTimerCreateTimerTask  timers.o
    0x0800d760   0x0800d760   0x00000068   Code   RO         1279    i.xTimerGenericCommand  timers.o
    0x0800d7c8   0x0800d7c8   0x000000a8   Code   RO          184    i.xoayGocBanBanh    main.o
    0x0800d870   0x0800d870   0x00000098   Code   RO          185    i.xoayGocReBanh     main.o
    0x0800d908   0x0800d908   0x00000010   Code   RO         1544    x$fpl$dcheck1       fz_wv.l(dcheck1.o)
    0x0800d918   0x0800d918   0x0000009c   Code   RO         1545    x$fpl$dnaninf       fz_wv.l(dnaninf.o)
    0x0800d9b4   0x0800d9b4   0x00000150   Code   RO         1471    x$fpl$drem          fz_wv.l(drem_clz.o)
    0x0800db04   0x0800db04   0x0000000a   Code   RO         1610    x$fpl$fpinit        fz_wv.l(fpinit.o)
    0x0800db0e   0x0800db0e   0x00000064   Code   RO         1603    x$fpl$retnan        fz_wv.l(retnan.o)
    0x0800db72   0x0800db72   0x0000005c   Code   RO         1472    x$fpl$scalbn        fz_wv.l(scalbn.o)
    0x0800dbce   0x0800dbce   0x00000030   Code   RO         1611    x$fpl$trapveneer    fz_wv.l(trapv.o)
    0x0800dbfe   0x0800dbfe   0x00000000   Code   RO         1473    x$fpl$usenofp       fz_wv.l(usenofp.o)
    0x0800dbfe   0x0800dbfe   0x00000002   PAD
    0x0800dc00   0x0800dc00   0x00000130   Data   RO          197    .constdata          main.o
    0x0800dd30   0x0800dd30   0x00000008   Data   RO          674    .constdata          stm32h7xx_hal_dma.o
    0x0800dd38   0x0800dd38   0x00000018   Data   RO         1086    .constdata          stm32h7xx_hal_uart.o
    0x0800dd50   0x0800dd50   0x00000010   Data   RO         1107    .constdata          stm32h7xx_hal_uart_ex.o
    0x0800dd60   0x0800dd60   0x00000010   Data   RO         1113    .constdata          system_stm32h7xx.o
    0x0800dd70   0x0800dd70   0x00000011   Data   RO         1408    .constdata          c_w.l(__printf_flags_wp.o)
    0x0800dd81   0x0800dd81   0x00000007   PAD
    0x0800dd88   0x0800dd88   0x00000088   Data   RO         1444    .constdata          m_wv.l(pow.o)
    0x0800de10   0x0800de10   0x00000098   Data   RO         1477    .constdata          m_wv.l(atan.o)
    0x0800dea8   0x0800dea8   0x00000030   Data   RO         1483    .constdata          m_wv.l(cos_i.o)
    0x0800ded8   0x0800ded8   0x00000008   Data   RO         1496    .constdata          m_wv.l(qnan.o)
    0x0800dee0   0x0800dee0   0x000000c8   Data   RO         1499    .constdata          m_wv.l(rred.o)
    0x0800dfa8   0x0800dfa8   0x00000028   Data   RO         1501    .constdata          m_wv.l(sin_i.o)
    0x0800dfd0   0x0800dfd0   0x0000004d   Data   RO          198    .conststring        main.o
    0x0800e01d   0x0800e01d   0x00000003   PAD
    0x0800e020   0x0800e020   0x00000020   Data   RO         1660    Region$$Table       anon$$obj.o


    Execution Region RW_IRAM1 (Exec base: 0x20000000, Load base: 0x0800e040, Size: 0x00000000, Max: 0x00020000, ABSOLUTE)

    **** No section assigned to this execution region ****


    Execution Region RW_IRAM2 (Exec base: 0x24000000, Load base: 0x0800e040, Size: 0x00005f00, Max: 0x00080000, ABSOLUTE, COMPRESSED[0x00000074])

    Exec Addr    Load Addr    Size         Type   Attr      Idx    E Section Name        Object

    0x24000000   COMPRESSED   0x00000050   Data   RW           41    .data               ala_config.o
    0x24000050   COMPRESSED   0x00000020   Data   RW           44    .data               ala_config.o
    0x24000070   COMPRESSED   0x00000074   Data   RW           62    .data               3swervewheel.o
    0x240000e4   COMPRESSED   0x00000156   Data   RW          199    .data               main.o
    0x2400023a   COMPRESSED   0x00000002   Data   RW          249    .data               main.o
    0x2400023c   COMPRESSED   0x00000002   Data   RW          278    .data               stm32h7xx_it.o
    0x2400023e   COMPRESSED   0x00000002   PAD
    0x24000240   COMPRESSED   0x0000000c   Data   RW          850    .data               stm32h7xx_hal.o
    0x2400024c   COMPRESSED   0x00000008   Data   RW         1114    .data               system_stm32h7xx.o
    0x24000254   COMPRESSED   0x0000003c   Data   RW         1260    .data               tasks.o
    0x24000290   COMPRESSED   0x00000014   Data   RW         1287    .data               timers.o
    0x240002a4   COMPRESSED   0x00000004   Data   RW         1370    .data               cmsis_os2.o
    0x240002a8   COMPRESSED   0x00000020   Data   RW         1380    .data               heap_4.o
    0x240002c8   COMPRESSED   0x0000000c   Data   RW         1391    .data               port.o
    0x240002d4        -       0x0000000c   Zero   RW           24    .bss                i2c_lcd.o
    0x240002e0        -       0x000008dc   Zero   RW          187    .bss                main.o
    0x24000bbc        -       0x00000078   Zero   RW          189    .bss                main.o
    0x24000c34        -       0x00000078   Zero   RW          190    .bss                main.o
    0x24000cac        -       0x00000078   Zero   RW          191    .bss                main.o
    0x24000d24        -       0x00000078   Zero   RW          192    .bss                main.o
    0x24000d9c        -       0x00000078   Zero   RW          193    .bss                main.o
    0x24000e14        -       0x00000078   Zero   RW          194    .bss                main.o
    0x24000e8c        -       0x00000078   Zero   RW          195    .bss                main.o
    0x24000f04        -       0x00000078   Zero   RW          196    .bss                main.o
    0x24000f7c        -       0x0000004c   Zero   RW          304    .bss                stm32h7xx_hal_timebase_tim.o
    0x24000fc8        -       0x00000040   Zero   RW         1173    .bss                queue.o
    0x24001008        -       0x000004c4   Zero   RW         1259    .bss                tasks.o
    0x240014cc        -       0x00000118   Zero   RW         1286    .bss                timers.o
    0x240015e4        -       0x000006b8   Zero   RW         1369    .bss                cmsis_os2.o
    0x24001c9c        -       0x00003c00   Zero   RW         1379    .bss                heap_4.o
    0x2400589c        -       0x00000060   Zero   RW         1548    .bss                c_w.l(libspace.o)
    0x240058fc   COMPRESSED   0x00000004   PAD
    0x24005900        -       0x00000200   Zero   RW            2    HEAP                startup_stm32h750xx.o
    0x24005b00        -       0x00000400   Zero   RW            1    STACK               startup_stm32h750xx.o


==============================================================================

Image component sizes


      Code (inc. data)   RO Data    RW Data    ZI Data      Debug   Object Name

      1624        152          0        116          0          0   3swervewheel.o
        76          6          0        112          0          0   ala_config.o
       338         22          0          4       1720          0   cmsis_os2.o
       476         24          0         32      15360          0   heap_4.o
       508         32          0          0         12          0   i2c_lcd.o
       138          0          0          0          0          0   list.o
     11770       1170        381        344       3228          0   main.o
       790         84          0         12          0          0   port.o
      1530         22          0          0         64          0   queue.o
        64         26        664          0       1536          0   startup_stm32h750xx.o
       168         36          0         12          0          0   stm32h7xx_hal.o
      2482        258          0          0          0          0   stm32h7xx_hal_adc.o
       304         22          0          0          0          0   stm32h7xx_hal_adc_ex.o
       350         28          0          0          0          0   stm32h7xx_hal_cortex.o
      4480        176          8          0          0          0   stm32h7xx_hal_dma.o
       602         50          0          0          0          0   stm32h7xx_hal_gpio.o
      1182         22          0          0          0          0   stm32h7xx_hal_i2c.o
       172          0          0          0          0          0   stm32h7xx_hal_i2c_ex.o
      2476        226          0          0          0          0   stm32h7xx_hal_msp.o
        84          6          0          0          0          0   stm32h7xx_hal_pwr_ex.o
      2558        110          0          0          0          0   stm32h7xx_hal_rcc.o
      4776        174          0          0          0          0   stm32h7xx_hal_rcc_ex.o
       380         14          0          0          0          0   stm32h7xx_hal_spi.o
      2976        282          0          0          0          0   stm32h7xx_hal_tim.o
       170         30          0          0          0          0   stm32h7xx_hal_tim_ex.o
       140         20          0          0         76          0   stm32h7xx_hal_timebase_tim.o
      2580        142         24          0          0          0   stm32h7xx_hal_uart.o
       284          6         16          0          0          0   stm32h7xx_hal_uart_ex.o
       800        164          0          2          0          0   stm32h7xx_it.o
       220         40         16          8          0          0   system_stm32h7xx.o
      2084        162          0         60       1220          0   tasks.o
       972         84          0         20        280          0   timers.o

    ----------------------------------------------------------------------
     47596       3590       1144        724      23496          0   Object Totals
         0          0         32          0          0          0   (incl. Generated)
        42          0          3          2          0          0   (incl. Padding)

    ----------------------------------------------------------------------

      Code (inc. data)   RO Data    RW Data    ZI Data      Debug   Library Member Name

        58          0          0          0          0          0   __dczerorl.o
         8          0          0          0          0          0   __main.o
       312          4         17          0          0          0   __printf_flags_wp.o
        14          0          0          0          0          0   __printf_wp.o
         0          0          0          0          0          0   __rtentry.o
        12          0          0          0          0          0   __rtentry2.o
         6          0          0          0          0          0   __rtentry4.o
        52          8          0          0          0          0   __scatter.o
        28          0          0          0          0          0   __scatter_zi.o
        48          6          0          0          0          0   _printf_char_common.o
       120         16          0          0          0          0   _printf_dec.o
         6          0          0          0          0          0   _printf_i.o
       178          0          0          0          0          0   _printf_intcommon.o
         0          0          0          0          0          0   _printf_percent.o
         4          0          0          0          0          0   _printf_percent_end.o
        22          0          0          0          0          0   _rserrno.o
        10          0          0          0          0          0   _sputc.o
        16          0          0          0          0          0   aeabi_memset.o
        18          0          0          0          0          0   exit.o
         6          0          0          0          0          0   heapauxi.o
         0          0          0          0          0          0   indicate_semi.o
         2          0          0          0          0          0   libinit.o
         6          0          0          0          0          0   libinit2.o
         2          0          0          0          0          0   libshutdown.o
         2          0          0          0          0          0   libshutdown2.o
         8          4          0          0         96          0   libspace.o
       238          0          0          0          0          0   lludivv7m.o
        40          6          0          0          0          0   noretval__2sprintf.o
         8          4          0          0          0          0   rt_errno_addr_intlibspace.o
        68          0          0          0          0          0   rt_memclr.o
        78          0          0          0          0          0   rt_memclr_w.o
       138          0          0          0          0          0   rt_memcpy_v6.o
       100          0          0          0          0          0   rt_memcpy_w.o
         2          0          0          0          0          0   rtexit.o
        10          0          0          0          0          0   rtexit2.o
        12          4          0          0          0          0   sys_exit.o
        74          0          0          0          0          0   sys_stackheap_outer.o
         2          0          0          0          0          0   use_no_semi.o
        16          4          0          0          0          0   dcheck1.o
       156          4          0          0          0          0   dnaninf.o
       336         12          0          0          0          0   drem_clz.o
        10          0          0          0          0          0   fpinit.o
       100          0          0          0          0          0   retnan.o
        92          0          0          0          0          0   scalbn.o
        48          0          0          0          0          0   trapv.o
         0          0          0          0          0          0   usenofp.o
       528        110        152          0          0          0   atan.o
       456         64          0          0          0          0   atan2.o
       176         18          0          0          0          0   cos.o
       224         42         48          0          0          0   cos_i.o
       116         60          0          0          0          0   dunder.o
        24          0          0          0          0          0   fabs.o
       252          6          0          0          0          0   fmod.o
        48          0          0          0          0          0   fpclassify.o
       112          0          0          0          0          0   poly.o
      2296        304        136          0          0          0   pow.o
         0          0          8          0          0          0   qnan.o
       784        138        200          0          0          0   rred.o
       176         18          0          0          0          0   sin.o
       168         24         40          0          0          0   sin_i.o
       208          0          0          0          0          0   sqrt.o

    ----------------------------------------------------------------------
      8060        860        608          0        100          0   Library Totals
        26          4          7          0          4          0   (incl. Padding)

    ----------------------------------------------------------------------

      Code (inc. data)   RO Data    RW Data    ZI Data      Debug   Library Name

      1708         52         17          0         96          0   c_w.l
       758         20          0          0          0          0   fz_wv.l
      5568        784        584          0          0          0   m_wv.l

    ----------------------------------------------------------------------
      8060        860        608          0        100          0   Library Totals

    ----------------------------------------------------------------------

==============================================================================


      Code (inc. data)   RO Data    RW Data    ZI Data      Debug   

     55656       4450       1752        724      23596          0   Grand Totals
     55656       4450       1752        116      23596          0   ELF Image Totals (compressed)
     55656       4450       1752        116          0          0   ROM Totals

==============================================================================

    Total RO  Size (Code + RO Data)                57408 (  56.06kB)
    Total RW  Size (RW Data + ZI Data)             24320 (  23.75kB)
    Total ROM Size (Code + RO Data + RW Data)      57524 (  56.18kB)

==============================================================================

