<html>
<body>
<pre>
<h1>µVision Build Log</h1>
<h2>Tool Versions:</h2>
IDE-Version: µVision V5.36.0.0
Copyright (C) 2021 ARM Ltd and ARM Germany GmbH. All rights reserved.
License Information: abc abc, abc, LIC=BUURY-I9FIW-SBIEJ-UBCZX-EKBD4-37BSU
 
Tool Versions:
Toolchain:       MDK-ARM Plus  Version: 5.36.0.0
Toolchain Path:  C:\Keil_v5\ARM\ARMCC\Bin
C Compiler:      Armcc.exe V5.06 update 7 (build 960)
Assembler:       Armasm.exe V5.06 update 7 (build 960)
Linker/Locator:  ArmLink.exe V5.06 update 7 (build 960)
Library Manager: ArmAr.exe V5.06 update 7 (build 960)
Hex Converter:   FromElf.exe V5.06 update 7 (build 960)
CPU DLL:         SARMCM3.DLL V5.36.0.0
Dialog DLL:      DCM.DLL V1.17.3.0
Target DLL:      STLink\ST-LINKIII-KEIL_SWO.dll V3.0.9.0
Dialog DLL:      TCM.DLL V1.53.0.0
 
<h2>Project:</h2>
D:\WorkSpace\robocon\Con 1 New\Con3Banh_11_6_pen\MDK-ARM\robot2025H750.uvprojx
Project File Date:  05/31/2025

<h2>Output:</h2>
*** Using Compiler 'V5.06 update 7 (build 960)', folder: 'C:\Keil_v5\ARM\ARMCC\Bin'
Build target 'robot2025H750'
compiling main.c...
../Core/Inc/gamepad_bluetooth.h(82): warning:  #177-D: variable "a"  was declared but never referenced
                                                                                                                                                                                    	static char a;
../Core/Inc/4SwerveWheel.h(51): warning:  #1295-D: Deprecated declaration runGrab - give arg types
  void runGrab();
../Core/Inc/4SwerveWheel.h(52): warning:  #1295-D: Deprecated declaration stop_rotation - give arg types
  void stop_rotation();
../Core/Inc/4SwerveWheel.h(53): warning:  #1-D: last line of file ends without a newline
  void runAngle(int goc, int tocDoChay, int tocDoXoay);
../Core/Inc/BasicFunction.h(512): warning:  #1035-D: single-precision operand implicitly converted to double-precision
      if (x > 0.0) return 1.0;
../Core/Inc/BasicFunction.h(513): warning:  #1035-D: single-precision operand implicitly converted to double-precision
      else if (x < 0.0) return -1.0;
../Core/Inc/BasicFunction.h(639): warning:  #223-D: function "gamePad" declared implicitly
  			gamePad();
../Core/Inc/BasicFunction.h(648): warning:  #223-D: function "vehomeNapBanh" declared implicitly
  		vehomeNapBanh();
../Core/Inc/BasicFunction.h(660): warning:  #223-D: function "gamePad" declared implicitly
  			gamePad();
../Core/Inc/BasicFunction.h(681): warning:  #223-D: function "gamePad" declared implicitly
  			gamePad();
../Core/Inc/BasicFunction.h(709): warning:  #223-D: function "vehomeNapBanh" declared implicitly
  		vehomeNapBanh();
../Core/Inc/BasicFunction.h(717): warning:  #223-D: function "gamePad" declared implicitly
  			gamePad();
../Core/Inc/BasicFunction.h(777): warning:  #159-D: declaration is incompatible with previous "vehomeNapBanh"  (declared at line 648)
  void vehomeNapBanh(){
../Core/Inc/BasicFunction.h(975): warning:  #223-D: function "robot_rotate" declared implicitly
  			robot_rotate(speedXoay);
../Core/Inc/BasicFunction.h(977): warning:  #223-D: function "robot_rotate" declared implicitly
  			robot_rotate(-speedXoay);
../Core/Inc/BasicFunction.h(1012): warning:  #223-D: function "gamePad" declared implicitly
  		 gamePad();
../Core/Inc/BasicFunction.h(1026): warning:  #223-D: function "gamePad" declared implicitly
  		 gamePad();
../Core/Inc/BasicFunction.h(1041): warning:  #223-D: function "gamePad" declared implicitly
  		 gamePad();
../Core/Inc/BasicFunction.h(1053): warning:  #223-D: function "gamePad" declared implicitly
  		 gamePad();
../Core/Inc/BasicFunction.h(1061): warning:  #177-D: variable "p"  was declared but never referenced
  	static char p = 0;
../Core/Inc/BasicFunction.h(1085): warning:  #177-D: variable "bienChongNhieuCTHTTren"  was declared but never referenced
  	int bienChongNhieuCTHTTren = 0;
../Core/Inc/BasicFunction.h(1123): warning:  #223-D: function "gamePad" declared implicitly
  		gamePad();
../Core/Inc/BasicFunction.h(1138): warning:  #223-D: function "gamePad" declared implicitly
  		gamePad();
../Core/Inc/BasicFunction.h(1256): warning:  #1294-D: Old-style function controlMotor
  void controlMotor(targetMamXoay) {
../Core/Inc/BasicFunction.h(1256): warning:  #1079-D: standard requires that parameter "targetMamXoay"  be given a type by a subsequent declaration ("int" assumed)
  void controlMotor(targetMamXoay) {
../Core/Inc/BasicFunction.h(1277): warning:  #1294-D: Old-style function controlMotorPen
  void controlMotorPen(targetMamXoay) {
../Core/Inc/BasicFunction.h(1277): warning:  #1079-D: standard requires that parameter "targetMamXoay"  be given a type by a subsequent declaration ("int" assumed)
  void controlMotorPen(targetMamXoay) {
../Core/Inc/BasicFunction.h(1335): warning:  #159-D: declaration is incompatible with previous "gamePad"  (declared at line 639)
  void gamePad() {
../Core/Inc/BasicFunction.h(1396): warning:  #223-D: function "robotRun" declared implicitly
  				robotRun(direction, tocdo);
../Core/Inc/BasicFunction.h(1408): warning:  #223-D: function "robotRun" declared implicitly
  					robotRun(angle - doigoc, tocDoJoy);
../Core/Inc/BasicFunction.h(1413): warning:  #223-D: function "robot_rotate" declared implicitly
  						robot_rotate(tocdo);
../Core/Inc/BasicFunction.h(1415): warning:  #223-D: function "robot_rotate" declared implicitly
  						robot_rotate(-tocdo);
../Core/Inc/BasicFunction.h(1352): warning:  #177-D: variable "stop"  was declared but never referenced
      int stop = 0;
../Core/Inc/BasicFunction.h(1481): warning:  #223-D: function "robotRun" declared implicitly
  		robotRun(0 - doigoc, 150);
../Core/Inc/BasicFunction.h(1487): warning:  #223-D: function "robotRun" declared implicitly
  		robotRun(0 - doigoc, 150);
../Core/Inc/BasicFunction.h(1495): warning:  #223-D: function "robotRun" declared implicitly
  		robotRun(-1350 - doigoc, 150);
../Core/Inc/BasicFunction.h(1512): warning:  #177-D: variable "p"  was declared but never referenced
  			int p = 0;
../Core/Inc/3SwerveWheel.h(55): warning:  #1295-D: Deprecated declaration runGrab - give arg types
  void runGrab();
../Core/Inc/3SwerveWheel.h(56): warning:  #1295-D: Deprecated declaration stop_rotation - give arg types
  void stop_rotation();
../Core/Inc/3SwerveWheel.h(57): warning:  #1-D: last line of file ends without a newline
  void runAngle(int goc, int tocDoChay, int tocDoXoay);
../Core/Src/main.c(286): warning:  #167-D: argument of type "char *" is incompatible with parameter of type "uint8_t *"
  	HAL_UART_Receive_DMA(&huart3, MANG_GAME, 8);		// Khai bao cap nhat mang cho gamePad
../Core/Src/main.c: 41 warnings, 0 errors
linking...
Program Size: Code=55656 RO-data=1752 RW-data=724 ZI-data=23596  
"robot2025H750\robot2025H750.axf" - 0 Error(s), 41 Warning(s).

<h2>Software Packages used:</h2>

Package Vendor: ARM
                https://www.keil.com/pack/ARM.CMSIS.6.1.0.pack
                ARM.CMSIS.6.1.0
                CMSIS (Common Microcontroller Software Interface Standard)
   * Component: CORE Version: 6.1.0

Package Vendor: Keil
                https://www.keil.com/pack/Keil.STM32H7xx_DFP.4.0.0.pack
                Keil.STM32H7xx_DFP.4.0.0
                STMicroelectronics STM32H7 Series Device Support

<h2>Collection of Component include folders:</h2>
  .\RTE\_robot2025H750
  C:\Users\GIGA\AppData\Local\Arm\Packs\ARM\CMSIS\6.1.0\CMSIS\Core\Include

<h2>Collection of Component Files used:</h2>

   * Component: ARM::CMSIS:CORE:6.1.0
      Include file:  CMSIS\Core\Include\tz_context.h
Build Time Elapsed:  00:00:05
</pre>
</body>
</html>
